[live.21lab.co/nanosoft/index.html]
[backblue.gif]
[fade.gif]
[index.html]
[live.21lab.co/nanosoft/wp-content/uploads/2018/08/content-bottom-bg.jpg]
[live.21lab.co/nanosoft/wp-content/cache/min/1/e941e6ac283245e82c14b5e6217ccc82.css]
[live.21lab.co/nanosoft/wp-includes/js/jquery/jquery.minf43b.js]
[live.21lab.co/nanosoft/wp-includes/js/jquery/jquery-migrate.min5589.js]
[live.21lab.co/nanosoft/wp-content/cache/min/1/nanosoft/wp-content/plugins/wp-video-lightbox/js/jquery.prettyPhoto7b33.js]
[live.21lab.co/nanosoft/wp-content/cache/min/1/nanosoft/wp-content/plugins/wp-video-lightbox/js/video-lightbox7b33.js]
[live.21lab.co/nanosoft/comments/feed/index.html]
[live.21lab.co/nanosoft/feed/index.html]
[live.21lab.co/nanosoft/wp-json/index.html]
[live.21lab.co/nanosoft/wp-json/wp/v2/pages/2.json]
[live.21lab.co/nanosoft/xmlrpc0db0.php]
[live.21lab.co/nanosoft/wp-json/oembed/1.0/embed5d75.json]
[live.21lab.co/nanosoft/wp-json/oembed/1.0/embed4028]
[live.21lab.co/nanosoft/wp-content/uploads/custom_fonts/Sailec-Bold.otf]
[live.21lab.co/nanosoft/wp-content/uploads/custom_fonts/Sailec-Medium.otf]
[live.21lab.co/nanosoft/wp-content/uploads/custom_fonts/Sailec.otf]
[live.21lab.co/nanosoft/wp-content/uploads/2018/10/cropped-favico-1-32x32.png]
[live.21lab.co/nanosoft/wp-content/uploads/2018/10/cropped-favico-1-192x192.png]
[live.21lab.co/nanosoft/wp-content/uploads/2018/10/cropped-favico-1-180x180.png]
[live.21lab.co/nanosoft/wp-content/uploads/2018/08/bg-teamc92e.jpg]
[live.21lab.co/nanosoft/wp-content/uploads/2018/10/logo.png]
[live.21lab.co/nanosoft/wp-content/uploads/2018/08/conversations-4872_af60b258-251e-41af-b238-dfb706d7b3d4.svg]
[live.21lab.co/nanosoft/careers/index.html]
[live.21lab.co/nanosoft/home-2/index.html]
[live.21lab.co/nanosoft/about/index.html]
[live.21lab.co/nanosoft/home-3/index.html]
[live.21lab.co/nanosoft/mission-vision-and-values/index.html]
[live.21lab.co/nanosoft/leadership-team/index.html]
[live.21lab.co/nanosoft/why-choose-us/index.html]
[live.21lab.co/nanosoft/locations/index.html]
[live.21lab.co/nanosoft/faq/index.html]
[live.21lab.co/nanosoft/wp-content/plugins/revslider/public/assets/assets/dummy.png]
[live.21lab.co/nanosoft/it-services/index.html]
[live.21lab.co/nanosoft/pricing-and-plans/index.html]
[live.21lab.co/nanosoft/it-services/managed-it/index.html]
[live.21lab.co/nanosoft/wp-content/uploads/2018/05/working-day-in-office-PQPMBS4-800x450.jpg]
[live.21lab.co/nanosoft/it-services/it-support/index.html]
[live.21lab.co/nanosoft/it-services/it-consultancy/index.html]
[live.21lab.co/nanosoft/wp-content/uploads/2018/05/285-jir-60871-nam-eye-id-392451-jpeg1-800x450.jpg]
[live.21lab.co/nanosoft/it-services/cloud-computing/index.html]
[live.21lab.co/nanosoft/it-services/custom-software/index.html]
[live.21lab.co/nanosoft/it-services/cyber-security/index.html]
[live.21lab.co/nanosoft/wp-content/uploads/2018/05/portrait-of-a-cute-young-woman-smiling-P9G5TM81-800x450.jpg]
[live.21lab.co/nanosoft/industries/index.html]
[live.21lab.co/nanosoft/industries/capital-markets/index.html]
[live.21lab.co/nanosoft/industries/banking/index.html]
[live.21lab.co/nanosoft/industries/enterprise-technology/index.html]
[live.21lab.co/nanosoft/industries/manufacturing/index.html]
[live.21lab.co/nanosoft/industries/healthcare/index.html]
[live.21lab.co/nanosoft/industries/higher-education/index.html]
[live.21lab.co/nanosoft/industries/logistics/index.html]
[live.21lab.co/nanosoft/wp-content/uploads/2018/08/syncing-document-4157_bf6a2cf1-26c8-4688-ab14-85836d2a0562.svg]
[live.21lab.co/nanosoft/layout-style-01/index.html]
[live.21lab.co/nanosoft/layout-style-02/index.html]
[live.21lab.co/nanosoft/wp-content/uploads/2018/08/ssd-storage-1951_0cd86b60-9df8-4053-9198-84f76027d5de.svg]
[live.21lab.co/nanosoft/case-studies/index.html]
[live.21lab.co/nanosoft/grid-layout-with-sidebar/index.html]
[live.21lab.co/nanosoft/medium-image-with-sidebar/index.html]
[live.21lab.co/nanosoft/masonry-layout/index.html]
[live.21lab.co/nanosoft/large-image/index.html]
[live.21lab.co/nanosoft/contact-us/index.html]
[live.21lab.co/nanosoft/wp-content/uploads/2018/08/private-folder-4136_9a670d06-eeb7-4508-8533-143953499f9e.svg]
[live.21lab.co/nanosoft/it-blog/index.html]
[live.21lab.co/nanosoft/wp-content/uploads/2018/09/uni-g.svg]
[live.21lab.co/nanosoft/wp-content/uploads/2018/09/j-g.svg]
[live.21lab.co/nanosoft/wp-content/uploads/2018/09/box-g.svg]
[live.21lab.co/nanosoft/wp-content/uploads/2018/09/fu-g.svg]
[live.21lab.co/nanosoft/wp-content/uploads/2018/09/k-g.svg]
[live.21lab.co/nanosoft/wp-content/uploads/2018/09/n-g.svg]
[live.21lab.co/nanosoft/wp-content/uploads/2018/10/dollar-badge-2239_40628e9a-63f1-4ed8-bcfd-8d6db221db0e.svg]
[live.21lab.co/nanosoft/wp-content/uploads/2018/10/chart-2336_49af9344-4b52-4e05-b16f-81a0baa82a4b.svg]
[live.21lab.co/nanosoft/wp-content/uploads/2018/10/data-app-1773_fbc7ba70-c0d5-4cc7-a53f-afec52c9f809.svg]
[live.21lab.co/nanosoft/wp-content/uploads/2018/10/health-6332_3e14393c-72bc-46a4-b910-ad00db942549.svg]
[live.21lab.co/nanosoft/wp-content/uploads/2018/10/catalogue-3486_5154eaae-1092-4b08-83ca-a8a18aa145a2.svg]
[live.21lab.co/nanosoft/wp-content/uploads/2018/08/uni-w.svg]
[live.21lab.co/nanosoft/nproject/cloud-migration-saves-money-for-health-insurer/index.html]
[live.21lab.co/nanosoft/wp-content/uploads/2018/08/job12-288-chim-00969-800x450.jpg]
[live.21lab.co/nanosoft/nproject-category/healthcare-industry/index.html]
[live.21lab.co/nanosoft/wp-content/uploads/2018/08/j-w.svg]
[live.21lab.co/nanosoft/nproject-category/cyber-security/index.html]
[live.21lab.co/nanosoft/wp-content/uploads/2018/08/k-75-chim-t-091548-800x450.jpg]
[live.21lab.co/nanosoft/nproject/remote-support-center-for-semiconductor-provider/index.html]
[live.21lab.co/nanosoft/wp-content/uploads/2018/08/box-w.svg]
[live.21lab.co/nanosoft/nproject-category/cloud-services/index.html]
[live.21lab.co/nanosoft/wp-content/uploads/2018/08/308-name05821-chim-eye-800x450.jpg]
[live.21lab.co/nanosoft/nproject/subscription-licensing-unlocks-spike-in-it-orders/index.html]
[live.21lab.co/nanosoft/wp-content/uploads/2018/04/map-1.svg]
[live.21lab.co/nanosoft/wp-content/uploads/2018/09/004-user-1.svg]
[live.21lab.co/nanosoft/wp-content/uploads/2018/09/004-user-1-1.svg]
[live.21lab.co/nanosoft/wp-content/uploads/2018/09/m1.png]
[live.21lab.co/nanosoft/wp-content/uploads/2018/09/m3.png]
[live.21lab.co/nanosoft/wp-content/uploads/2018/09/m2.png]
[live.21lab.co/nanosoft/wp-content/uploads/2018/09/m4.png]
[live.21lab.co/nanosoft/wp-content/uploads/2018/09/verify-user-2882_34a423f4-f6f9-442b-a332-d9866d0f7ce8.svg]
[live.21lab.co/nanosoft/wp-content/uploads/2018/09/delete-user-2883_8d24d9cd-37cc-4ac4-9d5f-322c30da185c.svg]
[live.21lab.co/nanosoft/wp-content/uploads/2018/05/285-jir-60871-nam-eye-id-392451-jpeg1-1190x558.jpg]
[live.21lab.co/nanosoft/partnering-with-it-provider-helps-erie-manufacturing-company-thrive-in-21st-century/index.html]
[live.21lab.co/nanosoft/wp-content/uploads/2018/05/imgix-391813-unsplash1-800x400.jpg]
[live.21lab.co/nanosoft/improving-lives-with-technology-hse-lighthouse-project/index.html]
[live.21lab.co/nanosoft/wp-content/uploads/2018/05/k-95-ake-367f-l_2-id-55372-jpeg1-800x400.jpg]
[live.21lab.co/nanosoft/dynamics-365-a-game-changer-for-dairygold-operations/index.html]
[live.21lab.co/nanosoft/wp-content/uploads/2018/05/rawpixel-com-567026-unsplash1-800x400.jpg]
[live.21lab.co/nanosoft/tips-to-make-your-workforce-a-security-front-line/index.html]
[live.21lab.co/nanosoft/wp-content/uploads/2018/04/tirza-van-dijk-58298-unsplash-800x400.jpg]
[live.21lab.co/nanosoft/4-ways-compsec-pros-protect-their-computers/index.html]
[live.21lab.co/nanosoft/wp-content/uploads/2018/09/j-c.svg]
[live.21lab.co/nanosoft/wp-content/uploads/2018/09/box-c.svg]
[live.21lab.co/nanosoft/wp-content/uploads/2018/09/k-c.svg]
[live.21lab.co/nanosoft/wp-content/uploads/2018/09/fu-c.svg]
[live.21lab.co/nanosoft/wp-content/uploads/2018/08/ft-logo.png]
[live.21lab.co/nanosoft/wp-content/cache/min/1/nanosoft/wp-content/themes/nanosoft/assets/js/componentsc841.js]
[live.21lab.co/nanosoft/wp-content/cache/min/1/nanosoft/wp-content/themes/nanosoft/assets/js/themec841.js]
[live.21lab.co/nanosoft/wp-includes/js/dist/vendor/wp-polyfill-inert.min0226.js]
[live.21lab.co/nanosoft/wp-includes/js/dist/vendor/regenerator-runtime.min6c85.js]
[live.21lab.co/nanosoft/wp-includes/js/dist/vendor/wp-polyfill.min2c7c.js]
[live.21lab.co/nanosoft/wp-content/cache/min/1/nanosoft/wp-content/plugins/contact-form-7/includes/js/indexc841.js]
[live.21lab.co/nanosoft/wp-content/plugins/devvn-image-hotspot/frontend/js/jquery.ihotspot.min1576.js]
[live.21lab.co/nanosoft/wp-content/plugins/page-scroll-to-id/js/page-scroll-to-id.min93f6.js]
[live.21lab.co/nanosoft/wp-content/plugins/revslider/public/assets/js/rbtools.min097f.js]
[live.21lab.co/nanosoft/wp-content/plugins/revslider/public/assets/js/rs6.min097f.js]
[live.21lab.co/nanosoft/wp-content/plugins/q2w3-fixed-widget/js/frontend.mindc24.js]
[live.21lab.co/nanosoft/wp-content/cache/min/1/nanosoft/wp-content/plugins/animated-headline/js/mainc841.js]
[live.21lab.co/nanosoft/wp-content/plugins/js_composer/assets/js/dist/js_composer_front.min8e94.js]
[live.21lab.co/nanosoft/wp-content/plugins/js_composer/assets/lib/vc_waypoints/vc-waypoints.min8e94.js]
[live.21lab.co/nanosoft/wp-content/cache/min/1/nanosoft/wp-content/plugins/line-shortcodes/js/shortcodes-3rdc841.js]
[live.21lab.co/nanosoft/wp-content/cache/min/1/nanosoft/wp-content/plugins/line-shortcodes/js/shortcodesc841.js]
[live.21lab.co/nanosoft/index.html]
[live.21lab.co/nanosoft/xmlrpc.php]
[live.21lab.co/nanosoft/wp-content/plugins/wp-rocket/assets/js/lazyload/17.5/lazyload.min.js]
[live.21lab.co/nanosoft/wp-content/plugins/wp-video-lightbox/images/prettyPhoto/default/sprite.png]
[live.21lab.co/nanosoft/wp-content/plugins/wp-video-lightbox/images/prettyPhoto/default/sprite_x.png]
[live.21lab.co/nanosoft/wp-content/plugins/wp-video-lightbox/images/prettyPhoto/default/sprite_y.png]
[live.21lab.co/nanosoft/wp-content/plugins/wp-video-lightbox/images/prettyPhoto/default/sprite_next.png]
[live.21lab.co/nanosoft/wp-content/plugins/wp-video-lightbox/images/prettyPhoto/default/sprite_prev.png]
[live.21lab.co/nanosoft/wp-content/plugins/wp-video-lightbox/images/prettyPhoto/default/default_thumb.png]
[live.21lab.co/nanosoft/wp-content/plugins/wp-video-lightbox/images/prettyPhoto/default/loader.gif]
[live.21lab.co/nanosoft/wp-content/plugins/wp-video-lightbox/images/prettyPhoto/light_rounded/sprite.png]
[live.21lab.co/nanosoft/wp-content/plugins/wp-video-lightbox/images/prettyPhoto/light_rounded/btnNext.png]
[live.21lab.co/nanosoft/wp-content/plugins/wp-video-lightbox/images/prettyPhoto/light_rounded/btnPrevious.png]
[live.21lab.co/nanosoft/wp-content/plugins/wp-video-lightbox/images/prettyPhoto/dark_rounded/sprite.png]
[live.21lab.co/nanosoft/wp-content/plugins/wp-video-lightbox/images/prettyPhoto/dark_rounded/contentPattern.png]
[live.21lab.co/nanosoft/wp-content/plugins/wp-video-lightbox/images/prettyPhoto/dark_rounded/btnNext.png]
[live.21lab.co/nanosoft/wp-content/plugins/wp-video-lightbox/images/prettyPhoto/dark_rounded/btnPrevious.png]
[live.21lab.co/nanosoft/wp-content/plugins/wp-video-lightbox/images/prettyPhoto/dark_rounded/loader.gif]
[live.21lab.co/nanosoft/wp-content/plugins/wp-video-lightbox/images/prettyPhoto/dark_square/loader.gif]
[live.21lab.co/nanosoft/wp-content/plugins/wp-video-lightbox/images/prettyPhoto/dark_square/sprite.png]
[live.21lab.co/nanosoft/wp-content/plugins/wp-video-lightbox/images/prettyPhoto/dark_square/btnNext.png]
[live.21lab.co/nanosoft/wp-content/plugins/wp-video-lightbox/images/prettyPhoto/dark_square/btnPrevious.png]
[live.21lab.co/nanosoft/wp-content/plugins/wp-video-lightbox/images/prettyPhoto/light_square/sprite.png]
[live.21lab.co/nanosoft/wp-content/plugins/wp-video-lightbox/images/prettyPhoto/light_square/btnNext.png]
[live.21lab.co/nanosoft/wp-content/plugins/wp-video-lightbox/images/prettyPhoto/light_square/btnPrevious.png]
[live.21lab.co/nanosoft/wp-content/plugins/wp-video-lightbox/images/prettyPhoto/facebook/sprite.png]
[live.21lab.co/nanosoft/wp-content/plugins/wp-video-lightbox/images/prettyPhoto/facebook/contentPatternTop.png]
[live.21lab.co/nanosoft/wp-content/plugins/wp-video-lightbox/images/prettyPhoto/facebook/contentPatternLeft.png]
[live.21lab.co/nanosoft/wp-content/plugins/wp-video-lightbox/images/prettyPhoto/facebook/contentPatternRight.png]
[live.21lab.co/nanosoft/wp-content/plugins/wp-video-lightbox/images/prettyPhoto/facebook/loader.gif]
[live.21lab.co/nanosoft/wp-content/plugins/wp-video-lightbox/images/prettyPhoto/facebook/btnNext.png]
[live.21lab.co/nanosoft/wp-content/plugins/wp-video-lightbox/images/prettyPhoto/facebook/btnPrevious.png]
[live.21lab.co/nanosoft/wp-content/plugins/wp-video-lightbox/images/prettyPhoto/facebook/contentPatternBottom.png]
[live.21lab.co/nanosoft/wp-content/plugins/wp-video-lightbox/images/prettyPhoto/facebook/default_thumbnail.gif]
[live.21lab.co/nanosoft/wp-content/plugins/wp-video-lightbox/images/prettyPhoto/light_rounded/loader.gif]
[live.21lab.co/nanosoft/wp-content/themes/nanosoft/assets/fonts/fontawesome-webfont3e6e.eot]
[live.21lab.co/nanosoft/wp-content/themes/nanosoft/assets/fonts/fontawesome-webfont3e6e.woff2]
[live.21lab.co/nanosoft/wp-content/themes/nanosoft/assets/fonts/fontawesome-webfont3e6e.woff]
[live.21lab.co/nanosoft/wp-content/themes/nanosoft/assets/fonts/fontawesome-webfont3e6e.ttf]
[live.21lab.co/nanosoft/wp-content/themes/nanosoft/assets/fonts/Simple-Line-Iconsb26c.eot]
[live.21lab.co/nanosoft/wp-content/themes/nanosoft/assets/fonts/Simple-Line-Iconsb26c.woff2]
[live.21lab.co/nanosoft/wp-content/themes/nanosoft/assets/fonts/fontawesome-webfont3e6e.svg]
[live.21lab.co/nanosoft/wp-content/themes/nanosoft/assets/fonts/Simple-Line-Iconsb26c.ttf]
[live.21lab.co/nanosoft/wp-content/themes/nanosoft/assets/fonts/Simple-Line-Iconsb26c.woff]
[live.21lab.co/nanosoft/wp-content/themes/nanosoft/assets/fonts/Simple-Line-Iconsb26c.svg]
[live.21lab.co/nanosoft/wp-content/themes/nanosoft/assets/fonts/et-line.eot]
[live.21lab.co/nanosoft/wp-content/themes/nanosoft/assets/fonts/et-lined41d.eot]
[live.21lab.co/nanosoft/wp-content/themes/nanosoft/assets/fonts/et-line.woff]
[live.21lab.co/nanosoft/wp-content/themes/nanosoft/assets/fonts/et-line.ttf]
[live.21lab.co/nanosoft/wp-content/themes/nanosoft/assets/fonts/et-line.svg]
[live.21lab.co/nanosoft/wp-content/themes/nanosoft/assets/fonts/ionicons28b5.eot]
[live.21lab.co/nanosoft/wp-content/themes/nanosoft/assets/fonts/ionicons28b5.ttf]
[live.21lab.co/nanosoft/wp-content/themes/nanosoft/assets/fonts/ionicons28b5.woff]
[live.21lab.co/nanosoft/wp-content/themes/nanosoft/assets/fonts/ionicons28b5.svg]
[live.21lab.co/nanosoft/wp-content/themes/nanosoft/assets/img/components/sprite.png]
[live.21lab.co/nanosoft/wp-content/themes/nanosoft/assets/img/components/sprite_x.png]
[live.21lab.co/nanosoft/wp-content/themes/nanosoft/assets/img/components/sprite_y.png]
[live.21lab.co/nanosoft/wp-content/themes/nanosoft/assets/img/components/sprite_next.png]
[live.21lab.co/nanosoft/wp-content/themes/nanosoft/assets/img/components/sprite_prev.png]
[live.21lab.co/nanosoft/wp-content/themes/nanosoft/assets/img/components/default_thumb.png]
[live.21lab.co/nanosoft/wp-content/themes/nanosoft/assets/img/components/loader.gif]
[live.21lab.co/nanosoft/wp-content/themes/nanosoft/assets/img/components/btnNext.png]
[live.21lab.co/nanosoft/wp-content/themes/nanosoft/assets/img/components/btnPrevious.png]
[live.21lab.co/nanosoft/wp-content/themes/nanosoft/assets/img/components/default_thumbnail.gif]
[live.21lab.co/nanosoft/wp-content/themes/nanosoft/assets/img/arrow.svg]
[live.21lab.co/nanosoft/wp-content/themes/nanosoft/assets/img/search.svg]
[live.21lab.co/nanosoft/wp-content/themes/nanosoft/assets/img/bg-mail.png]
[live.21lab.co/nanosoft/wp-content/themes/nanosoft/assets/img/cursor_right.svg]
[live.21lab.co/nanosoft/wp-content/themes/nanosoft/assets/img/cursor_left.svg]
[live.21lab.co/nanosoft/wp-content/themes/nanosoft/assets/img/search-w.svg]
[live.21lab.co/nanosoft/wp-content/plugins/js_composer/assets/vc/alert.png]
[live.21lab.co/nanosoft/wp-content/plugins/js_composer/assets/vc/info.png]
[live.21lab.co/nanosoft/wp-content/plugins/js_composer/assets/vc/tick.png]
[live.21lab.co/nanosoft/wp-content/plugins/js_composer/assets/vc/exclamation.png]
[live.21lab.co/nanosoft/wp-content/plugins/js_composer/assets/images/icons/address-book.png]
[live.21lab.co/nanosoft/wp-content/plugins/js_composer/assets/images/icons/alarm-clock.png]
[live.21lab.co/nanosoft/wp-content/plugins/js_composer/assets/images/icons/anchor.png]
[live.21lab.co/nanosoft/wp-content/plugins/js_composer/assets/images/icons/application-image.png]
[live.21lab.co/nanosoft/wp-content/plugins/js_composer/assets/images/icons/arrow.png]
[live.21lab.co/nanosoft/wp-content/plugins/js_composer/assets/images/icons/asterisk.png]
[live.21lab.co/nanosoft/wp-content/plugins/js_composer/assets/images/icons/auction-hammer.png]
[live.21lab.co/nanosoft/wp-content/plugins/js_composer/assets/images/icons/balloon.png]
[live.21lab.co/nanosoft/wp-content/plugins/js_composer/assets/images/icons/balloon-buzz.png]
[live.21lab.co/nanosoft/wp-content/plugins/js_composer/assets/images/icons/balloon-facebook.png]
[live.21lab.co/nanosoft/wp-content/plugins/js_composer/assets/images/icons/balloon-twitter.png]
[live.21lab.co/nanosoft/wp-content/plugins/js_composer/assets/images/icons/battery-full.png]
[live.21lab.co/nanosoft/wp-content/plugins/js_composer/assets/images/icons/binocular.png]
[live.21lab.co/nanosoft/wp-content/plugins/js_composer/assets/images/icons/blue-document-excel.png]
[live.21lab.co/nanosoft/wp-content/plugins/js_composer/assets/images/icons/blue-document-image.png]
[live.21lab.co/nanosoft/wp-content/plugins/js_composer/assets/images/icons/blue-document-music.png]
[live.21lab.co/nanosoft/wp-content/plugins/js_composer/assets/images/icons/blue-document-office.png]
[live.21lab.co/nanosoft/wp-content/plugins/js_composer/assets/images/icons/blue-document-pdf.png]
[live.21lab.co/nanosoft/wp-content/plugins/js_composer/assets/images/icons/blue-document-powerpoint.png]
[live.21lab.co/nanosoft/wp-content/plugins/js_composer/assets/images/icons/blue-document-word.png]
[live.21lab.co/nanosoft/wp-content/plugins/js_composer/assets/images/icons/bookmark.png]
[live.21lab.co/nanosoft/wp-content/plugins/js_composer/assets/images/icons/camcorder.png]
[live.21lab.co/nanosoft/wp-content/plugins/js_composer/assets/images/icons/camera.png]
[live.21lab.co/nanosoft/wp-content/plugins/js_composer/assets/images/icons/chart.png]
[live.21lab.co/nanosoft/wp-content/plugins/js_composer/assets/images/icons/chart-pie.png]
[live.21lab.co/nanosoft/wp-content/plugins/js_composer/assets/images/icons/clock.png]
[live.21lab.co/nanosoft/wp-content/plugins/js_composer/assets/images/icons/control.png]
[live.21lab.co/nanosoft/wp-content/plugins/js_composer/assets/images/icons/fire.png]
[live.21lab.co/nanosoft/wp-content/plugins/js_composer/assets/images/icons/heart.png]
[live.21lab.co/nanosoft/wp-content/plugins/js_composer/assets/images/icons/mail.png]
[live.21lab.co/nanosoft/wp-content/plugins/js_composer/assets/images/icons/plus-shield.png]
[live.21lab.co/nanosoft/wp-content/plugins/js_composer/assets/images/icons/video.png]
[live.21lab.co/nanosoft/wp-content/plugins/js_composer/assets/fonts/vc_icons_v2/fonts/vcpb-plugin-iconsb82a.eot]
[live.21lab.co/nanosoft/wp-content/plugins/js_composer/assets/fonts/vc_icons_v2/fonts/vcpb-plugin-iconsb82a.woff]
[live.21lab.co/nanosoft/wp-content/plugins/js_composer/assets/fonts/vc_icons_v2/fonts/vcpb-plugin-iconsb82a.svg]
[live.21lab.co/nanosoft/wp-content/plugins/js_composer/assets/images/toggle_open.png]
[live.21lab.co/nanosoft/wp-content/plugins/js_composer/assets/images/toggle_close.png]
[live.21lab.co/nanosoft/wp-content/plugins/js_composer/assets/images/flickr.png]
[live.21lab.co/nanosoft/wp-content/plugins/js_composer/assets/fonts/vc_grid/vc_grid_v157a1.eot]
[live.21lab.co/nanosoft/wp-content/plugins/js_composer/assets/fonts/vc_grid/vc_grid_v1d41d.eot]
[live.21lab.co/nanosoft/wp-content/plugins/js_composer/assets/fonts/vc_grid/vc_grid_v157a1.woff]
[live.21lab.co/nanosoft/wp-content/plugins/js_composer/assets/fonts/vc_grid/vc_grid_v157a1.ttf]
[live.21lab.co/nanosoft/wp-content/plugins/js_composer/assets/fonts/vc_grid/vc_grid_v157a1.svg]
[live.21lab.co/nanosoft/wp-content/plugins/js_composer/assets/images/spinner.gif]
[live.21lab.co/nanosoft/wp-content/plugins/js_composer/assets/vc/remove.png]
[live.21lab.co/nanosoft/wp-content/plugins/js_composer/assets/lib/bower/font-awesome/webfonts/fa-brands-400.eot]
[live.21lab.co/nanosoft/wp-content/plugins/js_composer/assets/lib/bower/font-awesome/webfonts/fa-brands-400d41d.eot]
[live.21lab.co/nanosoft/wp-content/plugins/js_composer/assets/lib/bower/font-awesome/webfonts/fa-brands-400.woff2]
[live.21lab.co/nanosoft/wp-content/plugins/js_composer/assets/lib/bower/font-awesome/webfonts/fa-brands-400.woff]
[live.21lab.co/nanosoft/wp-content/plugins/js_composer/assets/lib/bower/font-awesome/webfonts/fa-brands-400.ttf]
[live.21lab.co/nanosoft/wp-content/plugins/js_composer/assets/lib/bower/font-awesome/webfonts/fa-regular-400.eot]
[live.21lab.co/nanosoft/wp-content/plugins/js_composer/assets/lib/bower/font-awesome/webfonts/fa-regular-400d41d.eot]
[live.21lab.co/nanosoft/wp-content/plugins/js_composer/assets/lib/bower/font-awesome/webfonts/fa-brands-400.svg]
[live.21lab.co/nanosoft/wp-content/plugins/js_composer/assets/lib/bower/font-awesome/webfonts/fa-regular-400.woff2]
[live.21lab.co/nanosoft/wp-content/plugins/js_composer/assets/lib/bower/font-awesome/webfonts/fa-regular-400.woff]
[live.21lab.co/nanosoft/wp-content/plugins/js_composer/assets/lib/bower/font-awesome/webfonts/fa-regular-400.ttf]
[live.21lab.co/nanosoft/wp-content/plugins/js_composer/assets/lib/bower/font-awesome/webfonts/fa-regular-400.svg]
[live.21lab.co/nanosoft/wp-content/plugins/js_composer/assets/lib/bower/font-awesome/webfonts/fa-solid-900.eot]
[live.21lab.co/nanosoft/wp-content/plugins/js_composer/assets/lib/bower/font-awesome/webfonts/fa-solid-900d41d.eot]
[live.21lab.co/nanosoft/wp-content/plugins/js_composer/assets/lib/bower/font-awesome/webfonts/fa-solid-900.woff2]
[live.21lab.co/nanosoft/wp-content/plugins/js_composer/assets/lib/bower/font-awesome/webfonts/fa-solid-900.woff]
[live.21lab.co/nanosoft/wp-content/plugins/js_composer/assets/lib/bower/font-awesome/webfonts/fa-solid-900.ttf]
[live.21lab.co/nanosoft/wp-content/plugins/revslider/public/assets/fonts/revicons/revicons90c6.eot]
[live.21lab.co/nanosoft/wp-content/plugins/js_composer/assets/lib/bower/font-awesome/webfonts/fa-solid-900.svg]
[live.21lab.co/nanosoft/wp-content/plugins/revslider/public/assets/fonts/revicons/revicons90c6.woff]
[live.21lab.co/nanosoft/wp-content/plugins/revslider/public/assets/fonts/revicons/revicons90c6.ttf]
[live.21lab.co/nanosoft/wp-content/plugins/revslider/public/assets/fonts/revicons/revicons90c6.svg]
[live.21lab.co/nanosoft/wp-content/plugins/revslider/public/assets/css/openhand.cur]
[live.21lab.co/nanosoft/wp-content/plugins/revslider/public/assets/css/closedhand.cur]
[live.21lab.co/nanosoft/wp-content/plugins/revslider/public/assets/assets/gridtile.png]
[live.21lab.co/nanosoft/wp-content/plugins/revslider/public/assets/assets/gridtile_white.png]
[live.21lab.co/nanosoft/wp-content/plugins/revslider/public/assets/assets/gridtile_3x3.png]
[live.21lab.co/nanosoft/wp-content/plugins/revslider/public/assets/assets/gridtile_3x3_white.png]
[live.21lab.co/nanosoft/wp-content/plugins/revslider/public/assets/assets/coloredbg.png]
[live.21lab.co/nanosoft/wp-content/plugins/revslider/public/assets/assets/loader.gif]
[live.21lab.co/nanosoft/wp-content/cache/min/1/e941e6ac283245e82c14b5e6217ccc82.css]
[live.21lab.co/nanosoft/wp-content/plugins/wp-video-lightbox/index.html]
[live.21lab.co/nanosoft/wp-content/cache/min/1/e663bf5d2f486094e32cb549900a076a.css]
[live.21lab.co/nanosoft/wp-json/wp/v2/pages/703.json]
[live.21lab.co/nanosoft/wp-json/oembed/1.0/embedddbe.json]
[live.21lab.co/nanosoft/wp-json/oembed/1.0/embed6c54]
[live.21lab.co/nanosoft/wp-content/uploads/2018/08/bg-cm28b34.png]
[live.21lab.co/nanosoft/wp-content/uploads/2018/08/x.png]
[live.21lab.co/nanosoft/wp-content/uploads/2018/05/img-ab.jpg]
[live.21lab.co/nanosoft/wp-content/uploads/2018/08/first-aid-kit-6362_541108c2-e26e-415c-bb0b-2002ae987b52.svg]
[live.21lab.co/nanosoft/wp-content/uploads/2018/08/timekeeping-5901_5329fe42-c6a6-4dde-bf82-cc5387ef3701.svg]
[live.21lab.co/nanosoft/wp-content/uploads/2018/08/hot-dog-1219_a01c32be-075a-4097-94de-a103a0c77c19.svg]
[live.21lab.co/nanosoft/wp-content/uploads/2018/08/happy-emoji-2947_45d5bb03-c67d-4e73-a316-a5e7f4a9f2f7.svg]
[live.21lab.co/nanosoft/careers/index.html]
[live.21lab.co/nanosoft/wp-content/uploads/2018/08/motorcycle-helmet-3292_a15f7d80-f9a5-4799-9bce-515a038a8500.svg]
[live.21lab.co/nanosoft/wp-content/cache/min/1/effad012cd7909c980846f8253287cfd.css]
[live.21lab.co/nanosoft/wp-json/wp/v2/pages/1034.json]
[live.21lab.co/nanosoft/wp-json/oembed/1.0/embed95b4.json]
[live.21lab.co/nanosoft/wp-json/oembed/1.0/embeded10]
[live.21lab.co/nanosoft/wp-content/uploads/2018/08/content-bottom-bgd693.jpg]
[live.21lab.co/nanosoft/wp-content/uploads/2018/09/messaging-app-4876_37066b6f-8fe4-4951-b968-319b79e3f6ad.svg]
[live.21lab.co/nanosoft/wp-content/uploads/2018/09/lifebelt-3318_6c405c0e-728d-43f8-be45-014b6eca22b2.svg]
[live.21lab.co/nanosoft/wp-content/uploads/2018/09/data-app-1919_c3f274cb-0fcd-42a4-8981-c10446e64ed9.svg]
[live.21lab.co/nanosoft/wp-content/uploads/2018/08/job12-288-chim-00969-800x400.jpg]
[live.21lab.co/nanosoft/wp-content/uploads/2018/08/k-75-chim-t-091548-800x400.jpg]
[live.21lab.co/nanosoft/wp-content/uploads/2018/08/308-name05821-chim-eye-800x400.jpg]
[live.21lab.co/nanosoft/wp-content/uploads/2018/08/health-6332_fc720e72-c337-4f55-ac5e-081bb75924ec.svg]
[live.21lab.co/nanosoft/wp-content/uploads/2018/09/computer-network-1878_d52426db-94da-42b1-a4cd-d9ec6ecccef7.svg]
[live.21lab.co/nanosoft/wp-content/uploads/2018/09/telephone-operator-4682_4cd38ad2-7f4a-4298-bae0-babc3fb40b99.svg]
[live.21lab.co/nanosoft/wp-content/uploads/2018/08/7.jpg]
[live.21lab.co/nanosoft/wp-content/uploads/2018/08/2.jpg]
[live.21lab.co/nanosoft/wp-content/uploads/2018/08/1.jpg]
[live.21lab.co/nanosoft/wp-content/uploads/2018/05/285-jir-60871-nam-eye-id-392451-jpeg1-800x400.jpg]
[live.21lab.co/nanosoft/home-2/index.html]
[live.21lab.co/nanosoft/wp-content/cache/min/1/05a627ee71fd679f07be0c539eccb314.css]
[live.21lab.co/nanosoft/wp-json/wp/v2/pages/1486.json]
[live.21lab.co/nanosoft/wp-json/oembed/1.0/embeda593.json]
[live.21lab.co/nanosoft/wp-json/oembed/1.0/embeddb1a]
[live.21lab.co/nanosoft/wp-content/uploads/2018/09/bg-2d1a2.jpg]
[live.21lab.co/nanosoft/wp-content/uploads/2018/08/308-name05821-chim-eye-1170x700.jpg]
[live.21lab.co/nanosoft/wp-content/uploads/2018/09/refresh-database-1856_a6704a77-603a-45b0-925d-41498e0fb1aa.svg]
[live.21lab.co/nanosoft/wp-content/uploads/2018/09/radar-signal-727_b1dcc914-3ee5-449c-941e-d4684ee50ba3.svg]
[live.21lab.co/nanosoft/wp-content/uploads/2018/09/handshake-2819_4c48473b-74a8-4575-890d-e1824695a74c.svg]
[live.21lab.co/nanosoft/wp-content/uploads/2018/05/285-jir-60871-nam-eye-id-392451-jpeg1-800x494.jpg]
[live.21lab.co/nanosoft/wp-content/uploads/2018/05/imgix-391813-unsplash1-800x494.jpg]
[live.21lab.co/nanosoft/home-3/index.html]
[live.21lab.co/nanosoft/wp-content/cache/min/1/538e79fa5f4ea36b5777720c5c009daa.css]
[live.21lab.co/nanosoft/wp-json/wp/v2/pages/13.json]
[live.21lab.co/nanosoft/wp-json/oembed/1.0/embed9748.json]
[live.21lab.co/nanosoft/wp-json/oembed/1.0/embed0261]
[live.21lab.co/nanosoft/wp-content/uploads/2018/08/pexels-photo-1409831daa.jpg]
[live.21lab.co/nanosoft/wp-content/uploads/2018/05/283-pai4685-jj-id-392158-jpeg1-1000x852.jpg]
[live.21lab.co/nanosoft/wp-content/uploads/2018/05/26-jj-t-05282_2-id-140411-jpeg1-1000x400.jpg]
[live.21lab.co/nanosoft/wp-content/uploads/2018/05/rawpixel-com-567026-unsplash1-1000x400.jpg]
[live.21lab.co/nanosoft/wp-content/uploads/2018/08/source-code-1900_d2c3a8cb-9d49-47a9-aa2d-152f24e446d6.svg]
[live.21lab.co/nanosoft/wp-content/uploads/2018/08/statistic-2506_e2b2324b-d438-4f8d-9a74-eff54421bdfc.svg]
[live.21lab.co/nanosoft/wp-content/uploads/2018/08/verify-user-2882_b0075205-a1f2-46c2-b604-9f8cefd88c90.svg]
[live.21lab.co/nanosoft/wp-content/uploads/2018/08/user-group-2716_1d35ba2d-91db-402d-a40f-973c1a869520.svg]
[live.21lab.co/nanosoft/wp-content/uploads/2018/08/diploma-2833_dfbe7448-18a7-4f31-97f7-c24e210d624b.svg]
[live.21lab.co/nanosoft/wp-content/uploads/2018/08/certificate-3906_9409fbfb-3ac8-44aa-bdc3-e7793fad872f.svg]
[live.21lab.co/nanosoft/wp-content/uploads/2018/08/map-marker-702_6a310b42-6510-4be1-9031-c636ac3b7483.svg]
[live.21lab.co/nanosoft/wp-content/uploads/2018/08/dollar-badge-2239_1c468b8e-d4af-4f44-88c2-c74785928160.svg]
[live.21lab.co/nanosoft/wp-content/uploads/2018/05/rawpixel-com-567026-unsplash1-600x400.jpg]
[live.21lab.co/nanosoft/wp-content/uploads/2018/04/tirza-van-dijk-58298-unsplash-600x400.jpg]
[live.21lab.co/nanosoft/wp-content/uploads/2018/05/26-jj-t-05282_2-id-140411-jpeg1-600x400.jpg]
[live.21lab.co/nanosoft/the-top-13-benefits-of-proactive-managed-services-vs-reactive-break-fix/index.html]
[live.21lab.co/nanosoft/wp-content/uploads/2018/05/reflection-of-three-men-PXDYH771-600x400.jpg]
[live.21lab.co/nanosoft/about/index.html]
[live.21lab.co/nanosoft/5-creative-ways-to-address-gaps-in-it-resources-and-talent/index.html]
[live.21lab.co/nanosoft/wp-json/wp/v2/pages/700.json]
[live.21lab.co/nanosoft/wp-json/oembed/1.0/embed369c.json]
[live.21lab.co/nanosoft/wp-json/oembed/1.0/embed9176]
[live.21lab.co/nanosoft/wp-content/uploads/2018/05/img-ab76b7.jpg]
[live.21lab.co/nanosoft/wp-content/uploads/2018/08/check.svg]
[live.21lab.co/nanosoft/wp-content/uploads/2018/08/flag-2979_1fd1d414-4b4f-4887-a94a-493ba8e0b0c7.svg]
[live.21lab.co/nanosoft/wp-content/uploads/2018/08/messaging-app-4876_473fc710-9ecc-4785-9e78-8c9f00ae9498.svg]
[live.21lab.co/nanosoft/wp-content/uploads/2018/08/social-2938_fff97109-ad35-4b96-af03-fd13fcf18447.svg]
[live.21lab.co/nanosoft/mission-vision-and-values/index.html]
[live.21lab.co/nanosoft/wp-content/uploads/2018/08/stars-3001_763de5f8-eede-4760-8629-dacce602e16f.svg]
[live.21lab.co/nanosoft/wp-json/wp/v2/pages/688.json]
[live.21lab.co/nanosoft/wp-json/oembed/1.0/embede9a7.json]
[live.21lab.co/nanosoft/wp-json/oembed/1.0/embed159c]
[live.21lab.co/nanosoft/wp-content/uploads/2018/08/3.jpg]
[live.21lab.co/nanosoft/wp-content/uploads/2018/08/10.jpg]
[live.21lab.co/nanosoft/wp-content/uploads/2018/08/4.jpg]
[live.21lab.co/nanosoft/wp-content/uploads/2018/08/5.jpg]
[live.21lab.co/nanosoft/wp-content/uploads/2018/08/9.jpg]
[live.21lab.co/nanosoft/wp-content/uploads/2018/08/61.jpg]
[live.21lab.co/nanosoft/wp-content/uploads/2018/08/8.jpg]
[live.21lab.co/nanosoft/leadership-team/index.html]
[live.21lab.co/nanosoft/wp-json/wp/v2/pages/690.json]
[live.21lab.co/nanosoft/wp-json/oembed/1.0/embedf040.json]
[live.21lab.co/nanosoft/wp-json/oembed/1.0/embed882d]
[live.21lab.co/nanosoft/wp-content/uploads/2018/05/rawpixel-com-567026-unsplash1e935.jpg]
[live.21lab.co/nanosoft/wp-content/uploads/2018/08/fu-w.svg]
[live.21lab.co/nanosoft/wp-content/uploads/2018/08/k-w.svg]
[live.21lab.co/nanosoft/wp-content/uploads/2018/08/n-w.svg]
[live.21lab.co/nanosoft/wp-content/uploads/2018/05/285-jir-60871-nam-eye-id-392451-jpeg1-800x500.jpg]
[live.21lab.co/nanosoft/wp-content/uploads/2018/08/user-group-2874_87351201-7b45-463a-9b86-0ebd80aa8fa0.svg]
[live.21lab.co/nanosoft/wp-content/uploads/2018/08/24h-assistance-4792_e646a9f4-d75b-48ee-9111-6fa942cf36ea.svg]
[live.21lab.co/nanosoft/wp-content/uploads/2018/08/lifebelt-3318_961b6f1a-b776-419e-8c86-1410d9959694.svg]
[live.21lab.co/nanosoft/why-choose-us/index.html]
[live.21lab.co/nanosoft/wp-content/uploads/2018/08/royal-2995_51c8d05c-efe9-46d9-9a17-4b4e8fccfaad.svg]
[live.21lab.co/nanosoft/wp-json/wp/v2/pages/686.json]
[live.21lab.co/nanosoft/wp-json/oembed/1.0/embed7dfe.json]
[live.21lab.co/nanosoft/wp-json/oembed/1.0/embed52d4]
[live.21lab.co/nanosoft/wp-content/uploads/2022/02/mapbgcbbe.jpg]
[live.21lab.co/nanosoft/wp-content/uploads/2018/04/pin.svg]
[live.21lab.co/nanosoft/wp-content/uploads/2018/08/001-united-states.svg]
[live.21lab.co/nanosoft/wp-content/uploads/2018/08/002-germany.svg]
[live.21lab.co/nanosoft/locations/index.html]
[live.21lab.co/nanosoft/wp-content/uploads/2018/08/003-russia.svg]
[live.21lab.co/nanosoft/wp-content/cache/min/1/42d2f629ad0d76b8df453f58f45fe115.css]
[live.21lab.co/nanosoft/wp-json/wp/v2/pages/697.json]
[live.21lab.co/nanosoft/wp-json/oembed/1.0/embedbdf2.json]
[live.21lab.co/nanosoft/wp-json/oembed/1.0/embeda37d]
[live.21lab.co/nanosoft/faq/index.html]
[live.21lab.co/nanosoft/wp-content/uploads/2018/08/pattern489e.svg]
[live.21lab.co/nanosoft/wp-content/cache/min/1/3b160ef6490783cd17ce2501f8dcc8e3.css]
[live.21lab.co/nanosoft/wp-json/wp/v2/pages/1324.json]
[live.21lab.co/nanosoft/wp-json/oembed/1.0/embedf54a.json]
[live.21lab.co/nanosoft/wp-json/oembed/1.0/embedc077]
[live.21lab.co/nanosoft/wp-content/plugins/js_composer/assets/lib/vc_accordion/vc-accordion.min8e94.js]
[live.21lab.co/nanosoft/wp-content/plugins/js_composer/assets/lib/vc-tta-autoplay/vc-tta-autoplay.min8e94.js]
[live.21lab.co/nanosoft/pricing-and-plans/index.html]
[live.21lab.co/nanosoft/wp-content/plugins/js_composer/assets/lib/vc_tabs/vc-tabs.min8e94.js]
[live.21lab.co/nanosoft/wp-json/wp/v2/pages/707.json]
[live.21lab.co/nanosoft/wp-json/oembed/1.0/embed10e1.json]
[live.21lab.co/nanosoft/it-services/index.html]
[live.21lab.co/nanosoft/wp-json/oembed/1.0/embed0d01]
[live.21lab.co/nanosoft/wp-json/wp/v2/pages/711.json]
[live.21lab.co/nanosoft/wp-json/oembed/1.0/embed685d.json]
[live.21lab.co/nanosoft/wp-json/oembed/1.0/embedb30f]
[live.21lab.co/nanosoft/wp-content/uploads/2018/08/slider-12bab.jpg]
[live.21lab.co/nanosoft/wp-content/uploads/2018/09/diploma-2983_a6bb0b64-dbc1-431e-ac00-a83597982a0.svg]
[live.21lab.co/nanosoft/wp-content/uploads/2018/09/world-map-826_e5eaf722-e834-484a-b7a6-0b1f4ab98ee.svg]
[live.21lab.co/nanosoft/wp-content/uploads/2018/09/headphones-user-5252_ca8ffcdb-4e36-4baa-8e93-4fb725476d7.svg]
[live.21lab.co/nanosoft/wp-content/uploads/2018/09/router-1807_67aa302b-3a94-46a7-aa3d-66b8928a87d7.svg]
[live.21lab.co/nanosoft/wp-content/uploads/2018/09/telephone-operator-4682_c9489618-836b-47ec-8489-e15f613cb10c.svg]
[live.21lab.co/nanosoft/wp-content/uploads/2018/09/computer-network-1878_39828809-88f9-48e1-9a76-61c99401ec99.svg]
[live.21lab.co/nanosoft/wp-content/uploads/2018/09/settings-server-1872_2e41baf2-8789-4215-b430-db35c3899936.svg]
[live.21lab.co/nanosoft/wp-content/uploads/2018/09/source-code-1754_2b435bd8-ce76-4910-8137-7d07a3557fa3.svg]
[live.21lab.co/nanosoft/it-services/managed-it/index.html]
[live.21lab.co/nanosoft/wp-content/uploads/2018/09/add-image-5030_dcf585b8-8f3d-48ad-8579-a4ad56d14ba6.svg]
[live.21lab.co/nanosoft/wp-json/wp/v2/pages/709.json]
[live.21lab.co/nanosoft/wp-json/oembed/1.0/embed2d75.json]
[live.21lab.co/nanosoft/wp-json/oembed/1.0/embed9725]
[live.21lab.co/nanosoft/wp-content/uploads/2018/09/8721a.jpg]
[live.21lab.co/nanosoft/it-services/it-support/index.html]
[live.21lab.co/nanosoft/wp-json/wp/v2/pages/713.json]
[live.21lab.co/nanosoft/wp-json/oembed/1.0/embed6c62.json]
[live.21lab.co/nanosoft/wp-json/oembed/1.0/embedd75c]
[live.21lab.co/nanosoft/wp-content/uploads/2018/09/1058e4.jpg]
[live.21lab.co/nanosoft/it-services/it-consultancy/index.html]
[live.21lab.co/nanosoft/wp-json/wp/v2/pages/715.json]
[live.21lab.co/nanosoft/wp-json/oembed/1.0/embedd947.json]
[live.21lab.co/nanosoft/it-services/cloud-computing/index.html]
[live.21lab.co/nanosoft/wp-json/oembed/1.0/embed0700]
[live.21lab.co/nanosoft/wp-json/wp/v2/pages/717.json]
[live.21lab.co/nanosoft/wp-json/oembed/1.0/embed1639.json]
[live.21lab.co/nanosoft/it-services/cyber-security/index.html]
[live.21lab.co/nanosoft/wp-json/oembed/1.0/embed7a40]
[live.21lab.co/nanosoft/wp-json/wp/v2/pages/719.json]
[live.21lab.co/nanosoft/wp-json/oembed/1.0/embed6991.json]
[live.21lab.co/nanosoft/it-services/custom-software/index.html]
[live.21lab.co/nanosoft/wp-json/oembed/1.0/embedacb1]
[live.21lab.co/nanosoft/wp-json/wp/v2/pages/721.json]
[live.21lab.co/nanosoft/wp-json/oembed/1.0/embed6a82.json]
[live.21lab.co/nanosoft/wp-json/oembed/1.0/embed61f6]
[live.21lab.co/nanosoft/wp-content/uploads/2018/08/dollar-badge-2239_e8090134-1974-4651-9f50-737302bf88ff.svg]
[live.21lab.co/nanosoft/wp-content/uploads/2018/08/chart-2336_605306eb-06ee-48bb-b2ef-de7449985d3c.svg]
[live.21lab.co/nanosoft/wp-content/uploads/2018/08/data-app-1773_ff206e9b-2acc-47da-a3f5-d647bd94254f.svg]
[live.21lab.co/nanosoft/wp-content/uploads/2018/08/catalogue-3486_c2a26e09-cb1c-4c1c-99cd-420ecaf5173b.svg]
[live.21lab.co/nanosoft/industries/index.html]
[live.21lab.co/nanosoft/wp-content/uploads/2018/08/package-delivered-2312_17814d8b-9916-4be1-b4c7-2a636c4f081e.svg]
[live.21lab.co/nanosoft/wp-json/wp/v2/pages/723.json]
[live.21lab.co/nanosoft/wp-json/oembed/1.0/embed7a5c.json]
[live.21lab.co/nanosoft/wp-json/oembed/1.0/embed7d64]
[live.21lab.co/nanosoft/wp-content/uploads/2018/09/1b078.jpg]
[live.21lab.co/nanosoft/wp-content/uploads/2018/09/bank-notes-2448_bd66c927-7837-4dbf-bc25-d49656dfe619.svg]
[live.21lab.co/nanosoft/wp-content/uploads/2018/09/bank-cards-2445_a1e87fce-3f73-4202-9204-4ad23d9ce522.svg]
[live.21lab.co/nanosoft/wp-content/uploads/2018/09/coins-2452_3800c0d7-bb74-4470-909a-e107b62b50e6.svg]
[live.21lab.co/nanosoft/wp-content/uploads/2018/09/pos-terminal-2470_861790a4-85dc-4da4-b645-64e5b80247d5.svg]
[live.21lab.co/nanosoft/wp-content/uploads/2018/09/deposit-box-2465_8d0edd4a-0865-4431-b57f-e857a350022b.svg]
[live.21lab.co/nanosoft/industries/banking/index.html]
[live.21lab.co/nanosoft/wp-content/uploads/2018/09/invoice-2474_16cf5270-ffa8-4c6e-b664-5b73fe167d57.svg]
[live.21lab.co/nanosoft/wp-json/wp/v2/pages/725.json]
[live.21lab.co/nanosoft/wp-json/oembed/1.0/embed3e8b.json]
[live.21lab.co/nanosoft/wp-json/oembed/1.0/embed3e08]
[live.21lab.co/nanosoft/wp-content/uploads/2018/09/111e4f.jpg]
[live.21lab.co/nanosoft/industries/capital-markets/index.html]
[live.21lab.co/nanosoft/wp-json/wp/v2/pages/727.json]
[live.21lab.co/nanosoft/wp-json/oembed/1.0/embedb0b9.json]
[live.21lab.co/nanosoft/industries/enterprise-technology/index.html]
[live.21lab.co/nanosoft/wp-json/oembed/1.0/embed3a79]
[live.21lab.co/nanosoft/wp-json/wp/v2/pages/729.json]
[live.21lab.co/nanosoft/wp-json/oembed/1.0/embedd2c2.json]
[live.21lab.co/nanosoft/wp-json/oembed/1.0/embed564a]
[live.21lab.co/nanosoft/wp-content/uploads/2018/09/432eb.jpg]
[live.21lab.co/nanosoft/industries/manufacturing/index.html]
[live.21lab.co/nanosoft/wp-json/wp/v2/pages/731.json]
[live.21lab.co/nanosoft/wp-json/oembed/1.0/embed6950.json]
[live.21lab.co/nanosoft/wp-json/oembed/1.0/embed0c19]
[live.21lab.co/nanosoft/wp-content/uploads/2018/09/5e82d.jpg]
[live.21lab.co/nanosoft/industries/healthcare/index.html]
[live.21lab.co/nanosoft/wp-json/wp/v2/pages/733.json]
[live.21lab.co/nanosoft/wp-json/oembed/1.0/embed36d9.json]
[live.21lab.co/nanosoft/industries/higher-education/index.html]
[live.21lab.co/nanosoft/wp-json/oembed/1.0/embedf108]
[live.21lab.co/nanosoft/wp-json/wp/v2/pages/735.json]
[live.21lab.co/nanosoft/wp-json/oembed/1.0/embed4f0e.json]
[live.21lab.co/nanosoft/wp-json/oembed/1.0/embedf191]
[live.21lab.co/nanosoft/wp-content/uploads/2018/09/7d4d2.jpg]
[live.21lab.co/nanosoft/industries/logistics/index.html]
[live.21lab.co/nanosoft/wp-content/cache/min/1/bd7f1d9b160511f718a66e36ed31aa59.css]
[live.21lab.co/nanosoft/wp-json/wp/v2/pages/605.json]
[live.21lab.co/nanosoft/wp-json/oembed/1.0/embed85aa.json]
[live.21lab.co/nanosoft/wp-json/oembed/1.0/embed6bb4]
[live.21lab.co/nanosoft/wp-content/uploads/2018/08/k-111-ae-5323-800x400.jpg]
[live.21lab.co/nanosoft/nproject/outsourcing-a-healthy-solution-for-this-non-profit/index.html]
[live.21lab.co/nanosoft/wp-content/uploads/2018/08/k-120-ake-1650-800x400.jpg]
[live.21lab.co/nanosoft/nproject/when-viruses-attack-so-does-teamlogic-it/index.html]
[live.21lab.co/nanosoft/wp-content/uploads/2018/08/k-s8-ten-549-800x400.jpg]
[live.21lab.co/nanosoft/layout-style-01/index.html]
[live.21lab.co/nanosoft/nproject/new-office-location-excels-in-the-cloud/index.html]
[live.21lab.co/nanosoft/nproject-category/retail-industry/index.html]
[live.21lab.co/nanosoft/wp-json/wp/v2/pages/612.json]
[live.21lab.co/nanosoft/wp-json/oembed/1.0/embed08e6.json]
[live.21lab.co/nanosoft/wp-json/oembed/1.0/embed340d]
[live.21lab.co/nanosoft/wp-content/uploads/2018/08/job12-288-chim-00969-800x500.jpg]
[live.21lab.co/nanosoft/wp-content/uploads/2018/08/k-75-chim-t-091548-800x500.jpg]
[live.21lab.co/nanosoft/wp-content/uploads/2018/08/308-name05821-chim-eye-800x500.jpg]
[live.21lab.co/nanosoft/wp-content/uploads/2018/08/k-111-ae-5323-800x500.jpg]
[live.21lab.co/nanosoft/wp-content/uploads/2018/08/k-120-ake-1650-800x500.jpg]
[live.21lab.co/nanosoft/wp-content/uploads/2018/08/k-s8-ten-549-800x500.jpg]
[live.21lab.co/nanosoft/layout-style-02/index.html]
[live.21lab.co/nanosoft/wp-content/cache/min/1/e5d3697f1f409e4504274b774f0d8708.css]
[live.21lab.co/nanosoft/wp-json/wp/v2/pages/21.json]
[live.21lab.co/nanosoft/wp-json/oembed/1.0/embed145d.json]
[live.21lab.co/nanosoft/wp-json/oembed/1.0/embed2eda]
[live.21lab.co/nanosoft/wp-content/uploads/2018/08/healthcare-6394_42b51090-0e4a-45a4-a17e-a28af0c5df2c.svg]
[live.21lab.co/nanosoft/wp-content/uploads/2018/08/shield-security-1924_d22d28fe-2b2d-4e66-a270-a922a6e44832.svg]
[live.21lab.co/nanosoft/wp-content/uploads/2018/08/clouds-4457_d5542600-b7b1-4580-98ab-746ad7a032fa.svg]
[live.21lab.co/nanosoft/case-studies/index.html]
[live.21lab.co/nanosoft/wp-content/uploads/2018/08/shopping-cart-2351_6c627d2a-e32d-4fba-90e2-7005e9bedc4c.svg]
[live.21lab.co/nanosoft/wp-content/cache/min/1/48e9a6e4d5e25bd76c7adc799f87b638.css]
[live.21lab.co/nanosoft/wp-content/uploads/2018/08/308-name05821-chim-eye.jpg]
[live.21lab.co/nanosoft/wp-json/wp/v2/pages/484.json]
[live.21lab.co/nanosoft/wp-json/oembed/1.0/embed2323.json]
[live.21lab.co/nanosoft/wp-json/oembed/1.0/embed882a]
[live.21lab.co/nanosoft/wp-content/uploads/2018/05/285-jir-60871-nam-eye-id-392451-jpeg1-1200x600.jpg]
[live.21lab.co/nanosoft/wp-content/uploads/2018/05/imgix-391813-unsplash1-1200x600.jpg]
[live.21lab.co/nanosoft/category/success-stories/index.html]
[live.21lab.co/nanosoft/wp-content/uploads/2018/05/k-95-ake-367f-l_2-id-55372-jpeg1-1200x600.jpg]
[live.21lab.co/nanosoft/author/linethemes/index.html]
[live.21lab.co/nanosoft/wp-content/uploads/2018/05/rawpixel-com-567026-unsplash1-1200x600.jpg]
[live.21lab.co/nanosoft/wp-content/uploads/2018/04/tirza-van-dijk-58298-unsplash-1200x600.jpg]
[live.21lab.co/nanosoft/category/news-events/index.html]
[live.21lab.co/nanosoft/wp-content/uploads/2018/05/john-schnobrich-520023-unsplash1-1200x600.jpg]
[live.21lab.co/nanosoft/grid-layout-with-sidebar/index.html]
[live.21lab.co/nanosoft/category/quick-tips/index.html]
[live.21lab.co/nanosoft/scan-index-manager-delivers-productivity-at-beaumont-hospital/index.html]
[live.21lab.co/nanosoft/grid-layout-with-sidebar/page/2/index.html]
[live.21lab.co/nanosoft/wp-json/wp/v2/pages/490.json]
[live.21lab.co/nanosoft/wp-json/oembed/1.0/embed7fb0.json]
[live.21lab.co/nanosoft/masonry-layout/index.html]
[live.21lab.co/nanosoft/wp-json/oembed/1.0/embed0dfe]
[live.21lab.co/nanosoft/masonry-layout/page/2/index.html]
[live.21lab.co/nanosoft/wp-content/uploads/2018/05/john-schnobrich-520023-unsplash1.jpg]
[live.21lab.co/nanosoft/wp-json/wp/v2/pages/493.json]
[live.21lab.co/nanosoft/wp-json/oembed/1.0/embed11ff.json]
[live.21lab.co/nanosoft/wp-json/oembed/1.0/embede4ca]
[i.pinimg.com/originals/b7/1f/de/b71fdef91a0d51a85553704d2b278427.jpg]
[live.21lab.co/nanosoft/medium-image-with-sidebar/index.html]
[live.21lab.co/nanosoft/medium-image-with-sidebar/page/2/index.html]
[live.21lab.co/nanosoft/wp-json/wp/v2/pages/496.json]
[live.21lab.co/nanosoft/wp-json/oembed/1.0/embeddfb0.json]
[live.21lab.co/nanosoft/large-image/index.html]
[live.21lab.co/nanosoft/it-blog/index.html]
[live.21lab.co/nanosoft/wp-json/oembed/1.0/embedde2f]
[live.21lab.co/nanosoft/large-image/page/2/index.html]
[live.21lab.co/nanosoft/wp-json/wp/v2/pages/239.json]
[live.21lab.co/nanosoft/wp-json/oembed/1.0/embed9057.json]
[live.21lab.co/nanosoft/wp-json/oembed/1.0/embed3d57]
[live.21lab.co/nanosoft/wp-content/uploads/2018/08/bg-41ea7d.png]
[live.21lab.co/nanosoft/wp-content/uploads/2018/08/navigation-map-800_5d1a8f90-76b5-4f83-9c97-ac5cced141cf.svg]
[live.21lab.co/nanosoft/contact-us/index.html]
[live.21lab.co/nanosoft/wp-content/uploads/2018/08/conversations-4872_af60b258-251e-41af-b238-dfb706d7b3d4.svg]
[live.21lab.co/nanosoft/wp-content/uploads/2018/08/syncing-document-4157_bf6a2cf1-26c8-4688-ab14-85836d2a0562.svg]
[live.21lab.co/nanosoft/wp-content/uploads/2018/08/ssd-storage-1951_0cd86b60-9df8-4053-9198-84f76027d5de.svg]
[live.21lab.co/nanosoft/wp-content/uploads/2018/08/private-folder-4136_9a670d06-eeb7-4508-8533-143953499f9e.svg]
[live.21lab.co/nanosoft/wp-content/uploads/2018/09/uni-g.svg]
[live.21lab.co/nanosoft/wp-content/uploads/2018/09/j-g.svg]
[live.21lab.co/nanosoft/wp-content/uploads/2018/09/box-g.svg]
[live.21lab.co/nanosoft/wp-content/uploads/2018/09/fu-g.svg]
[live.21lab.co/nanosoft/wp-content/uploads/2018/09/k-g.svg]
[live.21lab.co/nanosoft/wp-content/uploads/2018/09/n-g.svg]
[live.21lab.co/nanosoft/wp-content/uploads/2018/10/dollar-badge-2239_40628e9a-63f1-4ed8-bcfd-8d6db221db0e.svg]
[live.21lab.co/nanosoft/wp-content/uploads/2018/10/chart-2336_49af9344-4b52-4e05-b16f-81a0baa82a4b.svg]
[live.21lab.co/nanosoft/wp-content/uploads/2018/10/data-app-1773_fbc7ba70-c0d5-4cc7-a53f-afec52c9f809.svg]
[live.21lab.co/nanosoft/wp-content/uploads/2018/10/health-6332_3e14393c-72bc-46a4-b910-ad00db942549.svg]
[live.21lab.co/nanosoft/wp-content/uploads/2018/10/catalogue-3486_5154eaae-1092-4b08-83ca-a8a18aa145a2.svg]
[live.21lab.co/nanosoft/wp-content/uploads/2018/08/watch-5912_810a6d61-7257-4905-a019-e0a2d3f1a1ac.svg]
[live.21lab.co/nanosoft/wp-content/uploads/2018/08/job12-288-chim-00969.jpg]
[live.21lab.co/nanosoft/wp-json/wp/v2/nproject/653.json]
[live.21lab.co/nanosoft/wp-json/oembed/1.0/embed8400.json]
[live.21lab.co/nanosoft/nproject/cloud-migration-saves-money-for-health-insurer/index.html]
[live.21lab.co/nanosoft/wp-json/oembed/1.0/embedf83d]
[live.21lab.co/nanosoft/nproject-tag/healthcare/index.html]
[live.21lab.co/nanosoft/nproject-tag/cloud/index.html]
[live.21lab.co/nanosoft/nproject-tag/industry/index.html]
[live.21lab.co/nanosoft/nproject/index.html]
[live.21lab.co/nanosoft/nproject-category/healthcare-industry/index.html]
[live.21lab.co/nanosoft/wp-content/uploads/2018/08/uni-w.svg]
[live.21lab.co/nanosoft/wp-json/wp/v2/nproject-category/56.json]
[live.21lab.co/nanosoft/wp-content/uploads/2018/08/k-75-chim-t-091548.jpg]
[live.21lab.co/nanosoft/nproject-category/healthcare-industry/feed/index.html]
[live.21lab.co/nanosoft/wp-json/wp/v2/nproject/650.json]
[live.21lab.co/nanosoft/wp-json/oembed/1.0/embed2d98.json]
[live.21lab.co/nanosoft/nproject/remote-support-center-for-semiconductor-provider/index.html]
[live.21lab.co/nanosoft/wp-json/oembed/1.0/embed9999]
[live.21lab.co/nanosoft/nproject-tag/support/index.html]
[live.21lab.co/nanosoft/nproject-tag/technology/index.html]
[live.21lab.co/nanosoft/nproject-tag/security/index.html]
[live.21lab.co/nanosoft/nproject-category/cyber-security/index.html]
[live.21lab.co/nanosoft/wp-content/uploads/2018/08/j-w.svg]
[live.21lab.co/nanosoft/wp-json/wp/v2/nproject-category/57.json]
[live.21lab.co/nanosoft/nproject-category/cyber-security/feed/index.html]
[live.21lab.co/nanosoft/wp-json/wp/v2/nproject/647.json]
[live.21lab.co/nanosoft/wp-json/oembed/1.0/embedb9a2.json]
[live.21lab.co/nanosoft/nproject/subscription-licensing-unlocks-spike-in-it-orders/index.html]
[live.21lab.co/nanosoft/wp-json/oembed/1.0/embed9a4e]
[live.21lab.co/nanosoft/nproject-category/cloud-services/index.html]
[live.21lab.co/nanosoft/wp-content/uploads/2018/08/box-w.svg]
[live.21lab.co/nanosoft/wp-content/uploads/2018/04/map-1.svg]
[live.21lab.co/nanosoft/wp-content/uploads/2018/09/004-user-1.svg]
[live.21lab.co/nanosoft/wp-content/uploads/2018/09/004-user-1-1.svg]
[live.21lab.co/nanosoft/wp-content/uploads/2018/09/verify-user-2882_34a423f4-f6f9-442b-a332-d9866d0f7ce8.svg]
[live.21lab.co/nanosoft/wp-content/uploads/2018/09/delete-user-2883_8d24d9cd-37cc-4ac4-9d5f-322c30da185c.svg]
[live.21lab.co/nanosoft/wp-json/wp/v2/nproject-category/54.json]
[live.21lab.co/nanosoft/nproject-category/cloud-services/feed/index.html]
[live.21lab.co/nanosoft/wp-content/uploads/2018/05/285-jir-60871-nam-eye-id-392451-jpeg1.jpg]
[live.21lab.co/nanosoft/wp-json/wp/v2/posts/194.json]
[live.21lab.co/nanosoft/wp-json/oembed/1.0/embed0f9d.json]
[live.21lab.co/nanosoft/partnering-with-it-provider-helps-erie-manufacturing-company-thrive-in-21st-century/index.html]
[live.21lab.co/nanosoft/wp-json/oembed/1.0/embed9a9c]
[live.21lab.co/nanosoft/tag/video/index.html]
[live.21lab.co/nanosoft/tag/customer/index.html]
[live.21lab.co/nanosoft/wp-json/wp/v2/posts/204.json]
[live.21lab.co/nanosoft/wp-json/oembed/1.0/embed3785.json]
[live.21lab.co/nanosoft/improving-lives-with-technology-hse-lighthouse-project/index.html]
[live.21lab.co/nanosoft/wp-json/oembed/1.0/embed2575]
[live.21lab.co/nanosoft/wp-content/uploads/2018/05/k-95-ake-367f-l_2-id-55372-jpeg1.jpg]
[live.21lab.co/nanosoft/tag/technology/index.html]
[live.21lab.co/nanosoft/tag/lighthouse/index.html]
[live.21lab.co/nanosoft/wp-json/wp/v2/posts/179.json]
[live.21lab.co/nanosoft/wp-json/oembed/1.0/embedf8b7.json]
[live.21lab.co/nanosoft/dynamics-365-a-game-changer-for-dairygold-operations/index.html]
[live.21lab.co/nanosoft/wp-json/oembed/1.0/embed5d38]
[live.21lab.co/nanosoft/tag/case-studies/index.html]
[live.21lab.co/nanosoft/tag/365/index.html]
[live.21lab.co/nanosoft/tag/office/index.html]
[live.21lab.co/nanosoft/wp-content/uploads/2018/05/rawpixel-com-567026-unsplash1.jpg]
[live.21lab.co/nanosoft/wp-json/wp/v2/posts/192.json]
[live.21lab.co/nanosoft/wp-json/oembed/1.0/embedd1eb.json]
[live.21lab.co/nanosoft/tips-to-make-your-workforce-a-security-front-line/index.html]
[live.21lab.co/nanosoft/wp-json/oembed/1.0/embed0c09]
[live.21lab.co/nanosoft/wp-content/uploads/2018/04/tirza-van-dijk-58298-unsplash.jpg]
[live.21lab.co/nanosoft/tag/managed-services/index.html]
[live.21lab.co/nanosoft/tag/benefits/index.html]
[live.21lab.co/nanosoft/wp-json/wp/v2/posts/1.json]
[live.21lab.co/nanosoft/wp-json/oembed/1.0/embed5ada.json]
[live.21lab.co/nanosoft/4-ways-compsec-pros-protect-their-computers/index.html]
[live.21lab.co/nanosoft/wp-json/oembed/1.0/embed033f]
[live.21lab.co/nanosoft/wp-content/uploads/2018/09/j-c.svg]
[live.21lab.co/nanosoft/wp-content/uploads/2018/09/box-c.svg]
[live.21lab.co/nanosoft/wp-content/uploads/2018/09/k-c.svg]
[live.21lab.co/nanosoft/wp-content/uploads/2018/09/fu-c.svg]
[live.21lab.co/nanosoft/tag/cbtnuggets/index.html]
[live.21lab.co/nanosoft/tag/computer/index.html]
[live.21lab.co/nanosoft/tag/tips/index.html]
[live.21lab.co/nanosoft/wp-content/themes/nanosoft/assets/fonts/fontawesome-webfont3e6e.svg]
[live.21lab.co/nanosoft/wp-content/themes/nanosoft/assets/fonts/Simple-Line-Iconsb26c.svg]
[live.21lab.co/nanosoft/wp-content/themes/nanosoft/assets/fonts/et-line.svg]
[live.21lab.co/nanosoft/wp-content/themes/nanosoft/assets/fonts/ionicons28b5.svg]
[live.21lab.co/nanosoft/wp-content/themes/nanosoft/assets/img/components/contentPattern.html]
[live.21lab.co/nanosoft/wp-content/themes/nanosoft/assets/img/components/contentPatternTop.html]
[live.21lab.co/nanosoft/wp-content/themes/nanosoft/assets/img/components/contentPatternLeft.html]
[live.21lab.co/nanosoft/wp-content/themes/nanosoft/assets/img/components/contentPatternRight.html]
[live.21lab.co/nanosoft/wp-content/themes/nanosoft/assets/img/components/contentPatternBottom.html]
[live.21lab.co/nanosoft/wp-content/themes/nanosoft/assets/img/arrow.svg]
[live.21lab.co/nanosoft/wp-content/themes/nanosoft/assets/img/search.svg]
[live.21lab.co/nanosoft/wp-content/themes/nanosoft/assets/img/cursor_right.svg]
[live.21lab.co/nanosoft/wp-content/themes/nanosoft/assets/img/cursor_left.svg]
[live.21lab.co/nanosoft/wp-content/themes/nanosoft/assets/img/search-w.svg]
[live.21lab.co/nanosoft/wp-content/themes/nanosoft/assets/css/grabbing.html]
[live.21lab.co/nanosoft/wp-content/plugins/js_composer/assets/fonts/vc_icons_v2/fonts/vcpb-plugin-iconsb82a.svg]
[live.21lab.co/nanosoft/wp-content/plugins/js_composer/assets/vc/blur.svg]
[live.21lab.co/nanosoft/wp-content/plugins/js_composer/assets/fonts/vc_grid/vc_grid_v157a1.svg]
[live.21lab.co/nanosoft/wp-content/plugins/js_composer/assets/lib/bower/font-awesome/webfonts/fa-brands-400.svg]
[live.21lab.co/nanosoft/wp-content/plugins/js_composer/assets/lib/bower/font-awesome/webfonts/fa-regular-400.svg]
[live.21lab.co/nanosoft/wp-content/themes/nanosoft/assets/fonts/fontawesome-webfontd41d.eot]
[live.21lab.co/nanosoft/wp-content/plugins/js_composer/assets/lib/bower/font-awesome/webfonts/fa-solid-900.svg]
[live.21lab.co/nanosoft/wp-content/plugins/revslider/public/assets/fonts/revicons/revicons90c6.svg]
[live.21lab.co/nanosoft/wp-content/cache/min/1/e663bf5d2f486094e32cb549900a076a.css]
[live.21lab.co/nanosoft/indexf993.html]
[live.21lab.co/nanosoft/wp-content/uploads/2018/08/first-aid-kit-6362_541108c2-e26e-415c-bb0b-2002ae987b52.svg]
[live.21lab.co/nanosoft/wp-content/uploads/2018/08/timekeeping-5901_5329fe42-c6a6-4dde-bf82-cc5387ef3701.svg]
[live.21lab.co/nanosoft/wp-content/uploads/2018/08/hot-dog-1219_a01c32be-075a-4097-94de-a103a0c77c19.svg]
[live.21lab.co/nanosoft/wp-content/uploads/2018/08/happy-emoji-2947_45d5bb03-c67d-4e73-a316-a5e7f4a9f2f7.svg]
[live.21lab.co/nanosoft/wp-content/uploads/2018/08/motorcycle-helmet-3292_a15f7d80-f9a5-4799-9bce-515a038a8500.svg]
[live.21lab.co/nanosoft/wp-content/cache/min/1/effad012cd7909c980846f8253287cfd.css]
[live.21lab.co/nanosoft/indexff6b.html]
[live.21lab.co/nanosoft/wp-content/uploads/2018/09/messaging-app-4876_37066b6f-8fe4-4951-b968-319b79e3f6ad.svg]
[live.21lab.co/nanosoft/wp-content/uploads/2018/09/lifebelt-3318_6c405c0e-728d-43f8-be45-014b6eca22b2.svg]
[live.21lab.co/nanosoft/wp-content/uploads/2018/09/data-app-1919_c3f274cb-0fcd-42a4-8981-c10446e64ed9.svg]
[live.21lab.co/nanosoft/wp-content/uploads/2018/08/health-6332_fc720e72-c337-4f55-ac5e-081bb75924ec.svg]
[live.21lab.co/nanosoft/wp-content/uploads/2018/09/computer-network-1878_d52426db-94da-42b1-a4cd-d9ec6ecccef7.svg]
[live.21lab.co/nanosoft/wp-content/uploads/2018/09/telephone-operator-4682_4cd38ad2-7f4a-4298-bae0-babc3fb40b99.svg]
[live.21lab.co/nanosoft/wp-content/plugins/js_composer/assets/fonts/vc_icons_v2/fonts/vcpb-plugin-iconsb82a.ttf]
[live.21lab.co/nanosoft/wp-content/plugins/js_composer/assets/css/lib/vc-entypo/fonts/vc_entypo.eot]
[live.21lab.co/nanosoft/wp-content/plugins/js_composer/assets/css/lib/vc-entypo/fonts/vc_entypod41d.eot]
[live.21lab.co/nanosoft/wp-content/plugins/js_composer/assets/css/lib/vc-entypo/fonts/vc_entypo.woff]
[live.21lab.co/nanosoft/wp-content/plugins/js_composer/assets/css/lib/vc-entypo/fonts/vc_entypo.ttf]
[live.21lab.co/nanosoft/wp-content/cache/min/1/05a627ee71fd679f07be0c539eccb314.css]
[live.21lab.co/nanosoft/index9e97.html]
[live.21lab.co/nanosoft/wp-content/uploads/2018/09/refresh-database-1856_a6704a77-603a-45b0-925d-41498e0fb1aa.svg]
[live.21lab.co/nanosoft/wp-content/uploads/2018/09/radar-signal-727_b1dcc914-3ee5-449c-941e-d4684ee50ba3.svg]
[live.21lab.co/nanosoft/wp-content/uploads/2018/09/handshake-2819_4c48473b-74a8-4575-890d-e1824695a74c.svg]
[live.21lab.co/nanosoft/wp-content/cache/min/1/538e79fa5f4ea36b5777720c5c009daa.css]
[live.21lab.co/nanosoft/index2dc4.html]
[live.21lab.co/nanosoft/wp-content/uploads/2018/08/source-code-1900_d2c3a8cb-9d49-47a9-aa2d-152f24e446d6.svg]
[live.21lab.co/nanosoft/wp-content/uploads/2018/08/statistic-2506_e2b2324b-d438-4f8d-9a74-eff54421bdfc.svg]
[live.21lab.co/nanosoft/wp-content/uploads/2018/08/verify-user-2882_b0075205-a1f2-46c2-b604-9f8cefd88c90.svg]
[live.21lab.co/nanosoft/wp-content/uploads/2018/08/user-group-2716_1d35ba2d-91db-402d-a40f-973c1a869520.svg]
[live.21lab.co/nanosoft/wp-content/uploads/2018/08/diploma-2833_dfbe7448-18a7-4f31-97f7-c24e210d624b.svg]
[live.21lab.co/nanosoft/wp-content/uploads/2018/08/certificate-3906_9409fbfb-3ac8-44aa-bdc3-e7793fad872f.svg]
[live.21lab.co/nanosoft/wp-content/uploads/2018/08/map-marker-702_6a310b42-6510-4be1-9031-c636ac3b7483.svg]
[live.21lab.co/nanosoft/wp-content/uploads/2018/08/dollar-badge-2239_1c468b8e-d4af-4f44-88c2-c74785928160.svg]
[live.21lab.co/nanosoft/wp-content/plugins/js_composer/assets/css/lib/vc-entypo/fonts/vc_entypo.svg]
[live.21lab.co/nanosoft/wp-content/uploads/2018/05/26-jj-t-05282_2-id-140411-jpeg1.jpg]
[live.21lab.co/nanosoft/wp-json/wp/v2/posts/184.json]
[live.21lab.co/nanosoft/wp-json/oembed/1.0/embed3fe8.json]
[live.21lab.co/nanosoft/the-top-13-benefits-of-proactive-managed-services-vs-reactive-break-fix/index.html]
[live.21lab.co/nanosoft/wp-json/oembed/1.0/embed78b9]
[live.21lab.co/nanosoft/monroe-county-medical-society-makes-one-call-for-it/index.html]
[live.21lab.co/nanosoft/technology-support-allows-erie-non-profit-to-serve-the-community/index.html]
[live.21lab.co/nanosoft/wp-content/uploads/2018/05/reflection-of-three-men-PXDYH771.jpg]
[live.21lab.co/nanosoft/wp-json/wp/v2/posts/195.json]
[live.21lab.co/nanosoft/wp-json/oembed/1.0/embedc181.json]
[live.21lab.co/nanosoft/5-creative-ways-to-address-gaps-in-it-resources-and-talent/index.html]
[live.21lab.co/nanosoft/wp-json/oembed/1.0/embedb509]
[live.21lab.co/nanosoft/index39c5.html]
[live.21lab.co/nanosoft/wp-content/uploads/2018/08/check.svg]
[live.21lab.co/nanosoft/wp-content/uploads/2018/08/flag-2979_1fd1d414-4b4f-4887-a94a-493ba8e0b0c7.svg]
[live.21lab.co/nanosoft/wp-content/uploads/2018/08/messaging-app-4876_473fc710-9ecc-4785-9e78-8c9f00ae9498.svg]
[live.21lab.co/nanosoft/wp-content/uploads/2018/08/social-2938_fff97109-ad35-4b96-af03-fd13fcf18447.svg]
[live.21lab.co/nanosoft/wp-content/uploads/2018/08/stars-3001_763de5f8-eede-4760-8629-dacce602e16f.svg]
[live.21lab.co/nanosoft/index5723.html]
[live.21lab.co/nanosoft/index77b4.html]
[live.21lab.co/nanosoft/wp-content/uploads/2018/08/fu-w.svg]
[live.21lab.co/nanosoft/wp-content/uploads/2018/08/k-w.svg]
[live.21lab.co/nanosoft/wp-content/uploads/2018/08/n-w.svg]
[live.21lab.co/nanosoft/wp-content/uploads/2018/08/user-group-2874_87351201-7b45-463a-9b86-0ebd80aa8fa0.svg]
[live.21lab.co/nanosoft/wp-content/uploads/2018/08/24h-assistance-4792_e646a9f4-d75b-48ee-9111-6fa942cf36ea.svg]
[live.21lab.co/nanosoft/wp-content/uploads/2018/08/lifebelt-3318_961b6f1a-b776-419e-8c86-1410d9959694.svg]
[live.21lab.co/nanosoft/wp-content/uploads/2018/08/royal-2995_51c8d05c-efe9-46d9-9a17-4b4e8fccfaad.svg]
[live.21lab.co/nanosoft/index3f66.html]
[live.21lab.co/nanosoft/wp-content/uploads/2018/04/pin.svg]
[live.21lab.co/nanosoft/wp-content/uploads/2018/08/001-united-states.svg]
[live.21lab.co/nanosoft/wp-content/uploads/2018/08/002-germany.svg]
[live.21lab.co/nanosoft/wp-content/uploads/2018/08/003-russia.svg]
[live.21lab.co/nanosoft/tag/talent/index.html]
[live.21lab.co/nanosoft/tag/creative/index.html]
[live.21lab.co/nanosoft/tag/it/index.html]
[live.21lab.co/nanosoft/wp-content/cache/min/1/42d2f629ad0d76b8df453f58f45fe115.css]
[live.21lab.co/nanosoft/index1c7e.html]
[live.21lab.co/nanosoft/wp-content/uploads/2018/08/pattern489e.svg]
[live.21lab.co/nanosoft/wp-content/cache/min/1/3b160ef6490783cd17ce2501f8dcc8e3.css]
[live.21lab.co/nanosoft/indexc1cc.html]
[live.21lab.co/nanosoft/index25b8.html]
[live.21lab.co/nanosoft/indexa308.html]
[live.21lab.co/nanosoft/wp-content/uploads/2018/09/diploma-2983_a6bb0b64-dbc1-431e-ac00-a83597982a0.svg]
[live.21lab.co/nanosoft/wp-content/uploads/2018/09/world-map-826_e5eaf722-e834-484a-b7a6-0b1f4ab98ee.svg]
[live.21lab.co/nanosoft/wp-content/uploads/2018/09/headphones-user-5252_ca8ffcdb-4e36-4baa-8e93-4fb725476d7.svg]
[live.21lab.co/nanosoft/wp-content/uploads/2018/09/router-1807_67aa302b-3a94-46a7-aa3d-66b8928a87d7.svg]
[live.21lab.co/nanosoft/wp-content/uploads/2018/09/telephone-operator-4682_c9489618-836b-47ec-8489-e15f613cb10c.svg]
[live.21lab.co/nanosoft/wp-content/uploads/2018/09/computer-network-1878_39828809-88f9-48e1-9a76-61c99401ec99.svg]
[live.21lab.co/nanosoft/wp-content/uploads/2018/09/settings-server-1872_2e41baf2-8789-4215-b430-db35c3899936.svg]
[live.21lab.co/nanosoft/wp-content/uploads/2018/09/source-code-1754_2b435bd8-ce76-4910-8137-7d07a3557fa3.svg]
[live.21lab.co/nanosoft/wp-content/uploads/2018/09/add-image-5030_dcf585b8-8f3d-48ad-8579-a4ad56d14ba6.svg]
[live.21lab.co/nanosoft/indexc344.html]
[live.21lab.co/nanosoft/index2e8b.html]
[live.21lab.co/nanosoft/index0c63.html]
[live.21lab.co/nanosoft/index6683.html]
[live.21lab.co/nanosoft/indexd13e.html]
[live.21lab.co/nanosoft/index8bfb.html]
[live.21lab.co/nanosoft/wp-content/uploads/2018/08/dollar-badge-2239_e8090134-1974-4651-9f50-737302bf88ff.svg]
[live.21lab.co/nanosoft/wp-content/uploads/2018/08/chart-2336_605306eb-06ee-48bb-b2ef-de7449985d3c.svg]
[live.21lab.co/nanosoft/wp-content/uploads/2018/08/data-app-1773_ff206e9b-2acc-47da-a3f5-d647bd94254f.svg]
[live.21lab.co/nanosoft/wp-content/uploads/2018/08/catalogue-3486_c2a26e09-cb1c-4c1c-99cd-420ecaf5173b.svg]
[live.21lab.co/nanosoft/wp-content/uploads/2018/08/package-delivered-2312_17814d8b-9916-4be1-b4c7-2a636c4f081e.svg]
[live.21lab.co/nanosoft/indexe01d.html]
[live.21lab.co/nanosoft/wp-content/uploads/2018/09/bank-notes-2448_bd66c927-7837-4dbf-bc25-d49656dfe619.svg]
[live.21lab.co/nanosoft/wp-content/uploads/2018/09/bank-cards-2445_a1e87fce-3f73-4202-9204-4ad23d9ce522.svg]
[live.21lab.co/nanosoft/wp-content/uploads/2018/09/coins-2452_3800c0d7-bb74-4470-909a-e107b62b50e6.svg]
[live.21lab.co/nanosoft/wp-content/uploads/2018/09/pos-terminal-2470_861790a4-85dc-4da4-b645-64e5b80247d5.svg]
[live.21lab.co/nanosoft/wp-content/uploads/2018/09/deposit-box-2465_8d0edd4a-0865-4431-b57f-e857a350022b.svg]
[live.21lab.co/nanosoft/wp-content/uploads/2018/09/invoice-2474_16cf5270-ffa8-4c6e-b664-5b73fe167d57.svg]
[live.21lab.co/nanosoft/index1583.html]
[live.21lab.co/nanosoft/index58a0.html]
[live.21lab.co/nanosoft/index66f9.html]
[live.21lab.co/nanosoft/index78eb.html]
[live.21lab.co/nanosoft/index2531.html]
[live.21lab.co/nanosoft/indexb45d.html]
[live.21lab.co/nanosoft/wp-content/cache/min/1/bd7f1d9b160511f718a66e36ed31aa59.css]
[live.21lab.co/nanosoft/index0acd.html]
[live.21lab.co/nanosoft/wp-content/uploads/2018/08/k-111-ae-5323.jpg]
[live.21lab.co/nanosoft/wp-json/wp/v2/nproject/643.json]
[live.21lab.co/nanosoft/wp-json/oembed/1.0/embed351c.json]
[live.21lab.co/nanosoft/nproject/outsourcing-a-healthy-solution-for-this-non-profit/index.html]
[live.21lab.co/nanosoft/nproject-tag/non-profit/index.html]
[live.21lab.co/nanosoft/wp-json/wp/v2/nproject/637.json]
[live.21lab.co/nanosoft/wp-json/oembed/1.0/embed96e5.json]
[live.21lab.co/nanosoft/nproject/when-viruses-attack-so-does-teamlogic-it/index.html]
[live.21lab.co/nanosoft/wp-json/oembed/1.0/embeddb0c]
[live.21lab.co/nanosoft/wp-content/uploads/2018/08/k-s8-ten-549.jpg]
[live.21lab.co/nanosoft/nproject-tag/virus/index.html]
[live.21lab.co/nanosoft/wp-json/wp/v2/nproject/603.json]
[live.21lab.co/nanosoft/wp-json/oembed/1.0/embedf66a.json]
[live.21lab.co/nanosoft/nproject/new-office-location-excels-in-the-cloud/index.html]
[live.21lab.co/nanosoft/wp-json/oembed/1.0/embedc793]
[live.21lab.co/nanosoft/nproject-tag/retail/index.html]
[live.21lab.co/nanosoft/nproject-tag/envato/index.html]
[live.21lab.co/nanosoft/nproject-tag/vodafone/index.html]
[live.21lab.co/nanosoft/nproject-category/retail-industry/index.html]
[live.21lab.co/nanosoft/index4494.html]
[live.21lab.co/nanosoft/wp-content/cache/min/1/e5d3697f1f409e4504274b774f0d8708.css]
[live.21lab.co/nanosoft/index3965.html]
[live.21lab.co/nanosoft/wp-json/wp/v2/nproject-category/55.json]
[live.21lab.co/nanosoft/wp-content/uploads/2018/08/healthcare-6394_42b51090-0e4a-45a4-a17e-a28af0c5df2c.svg]
[live.21lab.co/nanosoft/wp-content/uploads/2018/08/shield-security-1924_d22d28fe-2b2d-4e66-a270-a922a6e44832.svg]
[live.21lab.co/nanosoft/wp-content/uploads/2018/08/clouds-4457_d5542600-b7b1-4580-98ab-746ad7a032fa.svg]
[live.21lab.co/nanosoft/wp-content/uploads/2018/08/shopping-cart-2351_6c627d2a-e32d-4fba-90e2-7005e9bedc4c.svg]
[live.21lab.co/nanosoft/wp-content/cache/min/1/48e9a6e4d5e25bd76c7adc799f87b638.css]
[live.21lab.co/nanosoft/index4c50.html]
[live.21lab.co/nanosoft/nproject-category/retail-industry/feed/index.html]
[live.21lab.co/nanosoft/wp-json/wp/v2/categories/6.json]
[live.21lab.co/nanosoft/category/success-stories/feed/index.html]
[live.21lab.co/nanosoft/wp-content/uploads/2018/05/283-pai4685-jj-id-392158-jpeg1-1200x600.jpg]
[live.21lab.co/nanosoft/category/success-stories/index.html]
[live.21lab.co/nanosoft/author/linethemes/index.html]
[live.21lab.co/nanosoft/wp-json/wp/v2/users/1.json]
[live.21lab.co/nanosoft/author/linethemes/feed/index.html]
[live.21lab.co/nanosoft/category/news-events/feed/index.html]
[live.21lab.co/nanosoft/author/linethemes/page/2/index.html]
[live.21lab.co/nanosoft/wp-json/wp/v2/categories/8.json]
[live.21lab.co/nanosoft/wp-content/uploads/2018/05/26-jj-t-05282_2-id-140411-jpeg1-1200x600.jpg]
[live.21lab.co/nanosoft/category/news-events/index.html]
[live.21lab.co/nanosoft/wp-json/wp/v2/categories/7.json]
[live.21lab.co/nanosoft/category/quick-tips/feed/index.html]
[live.21lab.co/nanosoft/wp-content/uploads/2018/05/reflection-of-three-men-PXDYH771-1200x600.jpg]
[live.21lab.co/nanosoft/category/quick-tips/index.html]
[live.21lab.co/nanosoft/wp-json/wp/v2/posts/193.json]
[live.21lab.co/nanosoft/wp-json/oembed/1.0/embed8d01.json]
[live.21lab.co/nanosoft/scan-index-manager-delivers-productivity-at-beaumont-hospital/index.html]
[live.21lab.co/nanosoft/wp-json/oembed/1.0/embed8a3a]
[live.21lab.co/nanosoft/grid-layout-with-sidebar/page/2/index.html]
[live.21lab.co/nanosoft/indexb015.html]
[live.21lab.co/nanosoft/masonry-layout/page/2/index.html]
[live.21lab.co/nanosoft/index7255.html]
[live.21lab.co/nanosoft/medium-image-with-sidebar/page/2/index.html]
[live.21lab.co/nanosoft/index0a18.html]
[live.21lab.co/nanosoft/large-image/page/2/index.html]
[live.21lab.co/nanosoft/tag/scan/index.html]
[live.21lab.co/nanosoft/tag/health/index.html]
[live.21lab.co/nanosoft/tag/hospital/index.html]
[live.21lab.co/nanosoft/index1639.html]
[live.21lab.co/nanosoft/wp-content/uploads/2018/08/navigation-map-800_5d1a8f90-76b5-4f83-9c97-ac5cced141cf.svg]
[live.21lab.co/nanosoft/wp-content/uploads/2018/08/watch-5912_810a6d61-7257-4905-a019-e0a2d3f1a1ac.svg]
[live.21lab.co/nanosoft/index5d49.html]
[live.21lab.co/nanosoft/it-blog/page/2/index.html]
[live.21lab.co/nanosoft/nproject-tag/cloud/index.html]
[live.21lab.co/nanosoft/wp-json/wp/v2/nproject-tag/68.json]
[live.21lab.co/nanosoft/nproject-tag/cloud/feed/index.html]
[live.21lab.co/nanosoft/nproject-tag/healthcare/index.html]
[live.21lab.co/nanosoft/wp-json/wp/v2/nproject-tag/66.json]
[live.21lab.co/nanosoft/nproject-tag/healthcare/feed/index.html]
[live.21lab.co/nanosoft/nproject-tag/industry/index.html]
[live.21lab.co/nanosoft/nproject/index.html]
[live.21lab.co/nanosoft/indexf034.html]
[live.21lab.co/nanosoft/nproject-tag/security/index.html]
[live.21lab.co/nanosoft/wp-json/wp/v2/nproject-tag/63.json]
[live.21lab.co/nanosoft/nproject/feed/index.html]
[live.21lab.co/nanosoft/nproject-tag/industry/feed/index.html]
[live.21lab.co/nanosoft/nproject-tag/support/feed/index.html]
[live.21lab.co/nanosoft/nproject-tag/security/feed/index.html]
[live.21lab.co/nanosoft/nproject-tag/support/index.html]
[live.21lab.co/nanosoft/wp-json/wp/v2/nproject-tag/69.json]
[live.21lab.co/nanosoft/nproject-tag/technology/index.html]
[live.21lab.co/nanosoft/index6087.html]
[live.21lab.co/nanosoft/indexc8fa.html]
[live.21lab.co/nanosoft/wp-json/wp/v2/nproject-tag/59.json]
[live.21lab.co/nanosoft/nproject-tag/technology/feed/index.html]
[live.21lab.co/nanosoft/tag/customer/index.html]
[live.21lab.co/nanosoft/wp-json/wp/v2/tags/13.json]
[live.21lab.co/nanosoft/tag/customer/feed/index.html]
[live.21lab.co/nanosoft/tag/video/index.html]
[live.21lab.co/nanosoft/indexcb89.html]
[live.21lab.co/nanosoft/wp-json/wp/v2/tags/12.json]
[live.21lab.co/nanosoft/tag/video/feed/index.html]
[live.21lab.co/nanosoft/wp-content/uploads/2018/05/imgix-391813-unsplash1.jpg]
[live.21lab.co/nanosoft/tag/lighthouse/index.html]
[live.21lab.co/nanosoft/wp-json/wp/v2/tags/26.json]
[live.21lab.co/nanosoft/tag/lighthouse/feed/index.html]
[live.21lab.co/nanosoft/tag/technology/index.html]
[live.21lab.co/nanosoft/indexccf8.html]
[live.21lab.co/nanosoft/wp-json/wp/v2/tags/27.json]
[live.21lab.co/nanosoft/tag/technology/feed/index.html]
[live.21lab.co/nanosoft/tag/365/index.html]
[live.21lab.co/nanosoft/wp-json/wp/v2/tags/17.json]
[live.21lab.co/nanosoft/tag/365/feed/index.html]
[live.21lab.co/nanosoft/tag/case-studies/index.html]
[live.21lab.co/nanosoft/wp-json/wp/v2/tags/15.json]
[live.21lab.co/nanosoft/tag/case-studies/feed/index.html]
[live.21lab.co/nanosoft/tag/office/index.html]
[live.21lab.co/nanosoft/index5a6a.html]
[live.21lab.co/nanosoft/wp-json/wp/v2/tags/16.json]
[live.21lab.co/nanosoft/tag/office/feed/index.html]
[live.21lab.co/nanosoft/tag/benefits/feed/index.html]
[live.21lab.co/nanosoft/tag/benefits/index.html]
[live.21lab.co/nanosoft/wp-json/wp/v2/tags/18.json]
[live.21lab.co/nanosoft/tag/managed-services/index.html]
[live.21lab.co/nanosoft/indexcff1.html]
[live.21lab.co/nanosoft/wp-json/wp/v2/tags/19.json]
[live.21lab.co/nanosoft/tag/managed-services/feed/index.html]
[live.21lab.co/nanosoft/tag/cbtnuggets/index.html]
[live.21lab.co/nanosoft/wp-json/wp/v2/tags/9.json]
[live.21lab.co/nanosoft/tag/cbtnuggets/feed/index.html]
[live.21lab.co/nanosoft/tag/computer/index.html]
[live.21lab.co/nanosoft/wp-json/wp/v2/tags/11.json]
[live.21lab.co/nanosoft/tag/computer/feed/index.html]
[live.21lab.co/nanosoft/tag/tips/index.html]
[live.21lab.co/nanosoft/wp-content/plugins/js_composer/assets/css/lib/vc-entypo/fonts/vc_entypo.svg]
[live.21lab.co/nanosoft/index48fd.html]
[live.21lab.co/nanosoft/wp-json/wp/v2/tags/10.json]
[live.21lab.co/nanosoft/tag/tips/feed/index.html]
[live.21lab.co/nanosoft/wp-content/uploads/2018/05/283-pai4685-jj-id-392158-jpeg1.jpg]
[live.21lab.co/nanosoft/wp-json/wp/v2/posts/203.json]
[live.21lab.co/nanosoft/wp-json/oembed/1.0/embed4518.json]
[live.21lab.co/nanosoft/technology-support-allows-erie-non-profit-to-serve-the-community/index.html]
[live.21lab.co/nanosoft/wp-json/oembed/1.0/embede3aa]
[live.21lab.co/nanosoft/wp-content/uploads/2018/05/photo-1506919258185-6078bba55d2a.jpg]
[live.21lab.co/nanosoft/wp-json/wp/v2/posts/163.json]
[live.21lab.co/nanosoft/wp-json/oembed/1.0/embedae89.json]
[live.21lab.co/nanosoft/monroe-county-medical-society-makes-one-call-for-it/index.html]
[live.21lab.co/nanosoft/index78d6.html]
[live.21lab.co/nanosoft/wp-json/oembed/1.0/embedf0ff]
[live.21lab.co/nanosoft/tag/creative/index.html]
[live.21lab.co/nanosoft/wp-json/wp/v2/tags/20.json]
[live.21lab.co/nanosoft/tag/creative/feed/index.html]
[live.21lab.co/nanosoft/tag/it/index.html]
[live.21lab.co/nanosoft/wp-json/wp/v2/tags/22.json]
[live.21lab.co/nanosoft/tag/it/feed/index.html]
[live.21lab.co/nanosoft/tag/talent/index.html]
[live.21lab.co/nanosoft/indexb0f8.html]
[live.21lab.co/nanosoft/wp-json/wp/v2/tags/21.json]
[live.21lab.co/nanosoft/tag/talent/feed/index.html]
[live.21lab.co/nanosoft/wp-json/oembed/1.0/embedc4fd]
[live.21lab.co/nanosoft/nproject-tag/non-profit/feed/index.html]
[live.21lab.co/nanosoft/nproject-tag/non-profit/index.html]
[live.21lab.co/nanosoft/index38bf.html]
[live.21lab.co/nanosoft/wp-json/wp/v2/nproject-tag/67.json]
[live.21lab.co/nanosoft/wp-content/uploads/2018/08/k-120-ake-1650.jpg]
[live.21lab.co/nanosoft/nproject-tag/virus/index.html]
[live.21lab.co/nanosoft/index7aeb.html]
[live.21lab.co/nanosoft/wp-json/wp/v2/nproject-tag/64.json]
[live.21lab.co/nanosoft/nproject-tag/virus/feed/index.html]
[live.21lab.co/nanosoft/nproject-tag/envato/feed/index.html]
[live.21lab.co/nanosoft/nproject-tag/envato/index.html]
[live.21lab.co/nanosoft/wp-json/wp/v2/nproject-tag/58.json]
[live.21lab.co/nanosoft/nproject-tag/retail/index.html]
[live.21lab.co/nanosoft/wp-json/wp/v2/nproject-tag/61.json]
[live.21lab.co/nanosoft/nproject-tag/retail/feed/index.html]
[live.21lab.co/nanosoft/nproject-tag/vodafone/feed/index.html]
[live.21lab.co/nanosoft/nproject-tag/vodafone/index.html]
[live.21lab.co/nanosoft/author/linethemes/page/2/index.html]
[live.21lab.co/nanosoft/index28c5.html]
[live.21lab.co/nanosoft/wp-content/uploads/2018/05/photo-1506919258185-6078bba55d2a-1200x600.jpg]
[live.21lab.co/nanosoft/wp-json/wp/v2/nproject-tag/62.json]
[live.21lab.co/nanosoft/tag/health/index.html]
[live.21lab.co/nanosoft/wp-json/wp/v2/tags/24.json]
[live.21lab.co/nanosoft/tag/health/feed/index.html]
[live.21lab.co/nanosoft/tag/hospital/index.html]
[live.21lab.co/nanosoft/wp-json/wp/v2/tags/25.json]
[live.21lab.co/nanosoft/tag/hospital/feed/index.html]
[live.21lab.co/nanosoft/tag/scan/feed/index.html]
[live.21lab.co/nanosoft/tag/scan/index.html]
[live.21lab.co/nanosoft/it-blog/page/2/index.html]
[live.21lab.co/nanosoft/indexc39e.html]
[live.21lab.co/nanosoft/index4034.html]
[live.21lab.co/nanosoft/wp-json/wp/v2/tags/23.json]
[live.21lab.co/nanosoft/wp-json/wp/v2/nproject-tag/65]
